
> @nx-starter/source@0.0.0 test:coverage:web /home/runner/work/capbato/capbato
> nx test web --coverage


::group::🔁 > nx run web:test --coverage  [local cache]

> vitest --coverage


[1m[46m RUN [49m[22m [36mv3.2.4 [39m[90m/home/runner/work/capbato/capbato/apps/web[39m
      [2mCoverage enabled with [22m[33mv8[39m

 [32m✓[39m src/presentation/features/transactions/pages/index.spec.ts [2m([22m[2m3 tests[22m[2m)[22m[33m 2518[2mms[22m[39m
   [33m[2m✓[22m[39m Transaction Pages Index[2m > [22mshould export TransactionsPage [33m 2510[2mms[22m[39m
 [32m✓[39m src/presentation/features/staff/components/UpdateUserDetailsForm.spec.tsx [2m([22m[2m10 tests[22m[2m | [22m[33m1 skipped[39m[2m)[22m[33m 1645[2mms[22m[39m
   [33m[2m✓[22m[39m UpdateUserDetailsForm[2m > [22mnavigates between steps for doctor role [33m 460[2mms[22m[39m
 [32m✓[39m src/presentation/features/login/components/LoginForm.spec.tsx [2m([22m[2m10 tests[22m[2m)[22m[33m 1627[2mms[22m[39m
   [33m[2m✓[22m[39m LoginForm[2m > [22mshould render login form with all fields [33m 307[2mms[22m[39m
   [33m[2m✓[22m[39m LoginForm[2m > [22mshould call handleFormSubmit when form is submitted with valid data [33m 515[2mms[22m[39m
   [33m[2m✓[22m[39m LoginForm[2m > [22mshould enable submit button when fields have valid data [33m 321[2mms[22m[39m
 [32m✓[39m src/presentation/layouts/index.spec.ts [2m([22m[2m3 tests[22m[2m)[22m[33m 1170[2mms[22m[39m
   [33m[2m✓[22m[39m Layouts Index[2m > [22mshould export MainLayout [33m 1165[2mms[22m[39m
 [32m✓[39m src/presentation/features/auth/components/AuthGuard.spec.tsx [2m([22m[2m9 tests[22m[2m)[22m[33m 798[2mms[22m[39m
 [32m✓[39m src/presentation/features/todo/components/TodoForm.spec.tsx [2m([22m[2m8 tests[22m[2m)[22m[33m 740[2mms[22m[39m
 [32m✓[39m src/presentation/components/ui/AddressSelector.spec.tsx [2m([22m[2m4 tests[22m[2m)[22m[33m 757[2mms[22m[39m
   [33m[2m✓[22m[39m AddressSelector[2m > [22mshould render all address selection fields [33m 304[2mms[22m[39m
 [32m✓[39m src/presentation/features/todo/components/TodoItem.spec.tsx [2m([22m[2m16 tests[22m[2m)[22m[33m 779[2mms[22m[39m
[90mstderr[2m | src/presentation/features/patients/pages/PatientDetailsPage.spec.tsx[2m > [22m[2mPatientDetailsPage[2m > [22m[2mshould display loading state
[22m[39mIn HTML, <div> cannot be a descendant of <p>.
This will cause a hydration error.

  ...
    <@mantine/core/Grid style={{gap:"50px", ...}}>
      <Provider value={{...}}>
        <GridVariables>
        <@mantine/core/Box ref={null} className="m_410352e9..." style={{gap:"50px", ...}}>
          <div ref={null} style={{gap:"50px", ...}} className="m_410352e9..." data-variant={undefined} ...>
            <div className="m_dee7bd2f..." style={{}}>
              <@mantine/core/GridCol span={6}>
                <GridColVariables>
                <@mantine/core/Box ref={null} className="m_96bdd299..." style={{}}>
                  <div ref={null} style={{}} className="m_96bdd299..." data-variant={undefined} data-size={undefined} ...>
                    <PatientInfoCard title="Patient In...">
                      <@mantine/core/Box style={{...}}>
                        <div ref={null} style={{...}} className="" data-variant={undefined} data-size={undefined} ...>
                          <@mantine/core/Text>
                          <@mantine/core/Text style={{fontSize:"...", ...}}>
                            <@mantine/core/Box className="mantine-fo..." style={{fontSize:"...", ...}} ref={null} ...>
>                             <p
>                               ref={null}
>                               style={{fontSize:"15px",margin:"8px 0",color:"#333"}}
>                               className="mantine-focus-auto m_b6d8b162 mantine-Text-root"
>                               data-variant={undefined}
>                               data-size={undefined}
>                               size={undefined}
>                             >
                                <strong>
                                <@mantine/core/Skeleton height={16} width={100} display="inline-block" ml="sm">
                                  <@mantine/core/Box ref={null} className="m_18320242..." style={{...}} mod={[...]} ...>
>                                   <div
>                                     ref={null}
>                                     style={{--skeleton-height:"calc(1rem ...",--skeleton-width:"calc(6.25r...",marginLeft:"va...", ...}}
>                                     className="m_18320242 mantine-Skeleton-root"
>                                     data-variant={undefined}
>                                     data-size={undefined}
>                                     size={undefined}
>                                     data-visible={true}
>                                     data-animate={true}
>                                   >
                          ...
              ...


 [32m✓[39m src/presentation/features/patients/pages/PatientDetailsPage.spec.tsx [2m([22m[2m7 tests[22m[2m)[22m[33m 667[2mms[22m[39m
 [32m✓[39m src/presentation/hooks/useAddressSelector.spec.ts [2m([22m[2m10 tests[22m[2m)[22m[33m 607[2mms[22m[39m
 [32m✓[39m src/presentation/features/login/pages/LoginPage.spec.tsx [2m([22m[2m5 tests[22m[2m)[22m[33m 489[2mms[22m[39m
 [32m✓[39m src/presentation/components/ui/form.spec.tsx [2m([22m[2m24 tests[22m[2m | [22m[33m5 skipped[39m[2m)[22m[33m 421[2mms[22m[39m
 [32m✓[39m src/presentation/features/todo/components/TodoStats.spec.tsx [2m([22m[2m10 tests[22m[2m)[22m[33m 464[2mms[22m[39m
 [32m✓[39m src/presentation/features/patients/components/PatientsTable.spec.tsx [2m([22m[2m9 tests[22m[2m)[22m[33m 373[2mms[22m[39m
 [32m✓[39m src/presentation/features/transactions/components/PrintReceiptModal.spec.tsx [2m([22m[2m13 tests[22m[2m)[22m[32m 275[2mms[22m[39m
 [32m✓[39m src/presentation/components/ui/tabs.spec.tsx [2m([22m[2m15 tests[22m[2m)[22m[32m 227[2mms[22m[39m
 [32m✓[39m src/presentation/components/ui/checkbox.spec.tsx [2m([22m[2m16 tests[22m[2m)[22m[32m 239[2mms[22m[39m
 [32m✓[39m src/presentation/features/shared/components/ErrorBanner.spec.tsx [2m([22m[2m8 tests[22m[2m)[22m[32m 183[2mms[22m[39m
 [32m✓[39m src/presentation/components/common/Modal/Modal.test.tsx [2m([22m[2m5 tests[22m[2m)[22m[32m 225[2mms[22m[39m
 [32m✓[39m src/presentation/features/auth/components/LogoutButton.spec.tsx [2m([22m[2m14 tests[22m[2m)[22m[32m 219[2mms[22m[39m
 [32m✓[39m src/presentation/components/navigation/Navigation.spec.tsx [2m([22m[2m8 tests[22m[2m)[22m[32m 153[2mms[22m[39m
 [32m✓[39m src/presentation/features/about/pages/AboutPage.spec.tsx [2m([22m[2m4 tests[22m[2m)[22m[32m 133[2mms[22m[39m
 [32m✓[39m src/presentation/features/todo/view-models/useTodoItemViewModel.spec.ts [2m([22m[2m36 tests[22m[2m)[22m[32m 138[2mms[22m[39m
 [32m✓[39m src/presentation/features/todo/components/TodoList.spec.tsx [2m([22m[2m8 tests[22m[2m)[22m[32m 167[2mms[22m[39m
 [32m✓[39m src/presentation/components/ui/alert.spec.tsx [2m([22m[2m18 tests[22m[2m)[22m[32m 124[2mms[22m[39m
 [32m✓[39m src/presentation/components/ui/button.spec.tsx [2m([22m[2m17 tests[22m[2m)[22m[32m 116[2mms[22m[39m
 [32m✓[39m src/presentation/features/appointments/pages/AppointmentsPage.test.tsx [2m([22m[2m2 tests[22m[2m | [22m[33m1 skipped[39m[2m)[22m[32m 102[2mms[22m[39m
[90mstderr[2m | src/presentation/features/todo/view-models/useTodoFormViewModel.spec.ts[2m > [22m[2museTodoFormViewModel[2m > [22m[2msubmitTodo[2m > [22m[2mshould handle submission errors
[22m[39mFailed to create todo: Error: Network error
    at [90m/home/runner/work/capbato/capbato/apps/web/[39msrc/presentation/features/todo/view-models/useTodoFormViewModel.spec.ts:105:21
    at file:///home/runner/work/capbato/capbato/node_modules/[4m.pnpm[24m/@vitest+runner@3.2.4/node_modules/[4m@vitest[24m/runner/dist/chunk-hooks.js:155:11
    at file:///home/runner/work/capbato/capbato/node_modules/[4m.pnpm[24m/@vitest+runner@3.2.4/node_modules/[4m@vitest[24m/runner/dist/chunk-hooks.js:752:26
    at file:///home/runner/work/capbato/capbato/node_modules/[4m.pnpm[24m/@vitest+runner@3.2.4/node_modules/[4m@vitest[24m/runner/dist/chunk-hooks.js:1897:20
    at new Promise (<anonymous>)
    at runWithTimeout (file:///home/runner/work/capbato/capbato/node_modules/[4m.pnpm[24m/@vitest+runner@3.2.4/node_modules/[4m@vitest[24m/runner/dist/chunk-hooks.js:1863:10)
    at runTest (file:///home/runner/work/capbato/capbato/node_modules/[4m.pnpm[24m/@vitest+runner@3.2.4/node_modules/[4m@vitest[24m/runner/dist/chunk-hooks.js:1574:12)
    at runSuite (file:///home/runner/work/capbato/capbato/node_modules/[4m.pnpm[24m/@vitest+runner@3.2.4/node_modules/[4m@vitest[24m/runner/dist/chunk-hooks.js:1729:8)
    at runSuite (file:///home/runner/work/capbato/capbato/node_modules/[4m.pnpm[24m/@vitest+runner@3.2.4/node_modules/[4m@vitest[24m/runner/dist/chunk-hooks.js:1729:8)
    at runSuite (file:///home/runner/work/capbato/capbato/node_modules/[4m.pnpm[24m/@vitest+runner@3.2.4/node_modules/[4m@vitest[24m/runner/dist/chunk-hooks.js:1729:8)

[90mstderr[2m | src/presentation/features/todo/view-models/useTodoFormViewModel.spec.ts[2m > [22m[2museTodoFormViewModel[2m > [22m[2msubmitTodo[2m > [22m[2mshould reset isSubmitting even when submission fails
[22m[39mFailed to create todo: Error: Submission failed
    at [90m/home/runner/work/capbato/capbato/apps/web/[39msrc/presentation/features/todo/view-models/useTodoFormViewModel.spec.ts:123:21
    at file:///home/runner/work/capbato/capbato/node_modules/[4m.pnpm[24m/@vitest+runner@3.2.4/node_modules/[4m@vitest[24m/runner/dist/chunk-hooks.js:155:11
    at file:///home/runner/work/capbato/capbato/node_modules/[4m.pnpm[24m/@vitest+runner@3.2.4/node_modules/[4m@vitest[24m/runner/dist/chunk-hooks.js:752:26
    at file:///home/runner/work/capbato/capbato/node_modules/[4m.pnpm[24m/@vitest+runner@3.2.4/node_modules/[4m@vitest[24m/runner/dist/chunk-hooks.js:1897:20
    at new Promise (<anonymous>)
    at runWithTimeout (file:///home/runner/work/capbato/capbato/node_modules/[4m.pnpm[24m/@vitest+runner@3.2.4/node_modules/[4m@vitest[24m/runner/dist/chunk-hooks.js:1863:10)
    at runTest (file:///home/runner/work/capbato/capbato/node_modules/[4m.pnpm[24m/@vitest+runner@3.2.4/node_modules/[4m@vitest[24m/runner/dist/chunk-hooks.js:1574:12)
    at runSuite (file:///home/runner/work/capbato/capbato/node_modules/[4m.pnpm[24m/@vitest+runner@3.2.4/node_modules/[4m@vitest[24m/runner/dist/chunk-hooks.js:1729:8)
    at runSuite (file:///home/runner/work/capbato/capbato/node_modules/[4m.pnpm[24m/@vitest+runner@3.2.4/node_modules/[4m@vitest[24m/runner/dist/chunk-hooks.js:1729:8)
    at runSuite (file:///home/runner/work/capbato/capbato/node_modules/[4m.pnpm[24m/@vitest+runner@3.2.4/node_modules/[4m@vitest[24m/runner/dist/chunk-hooks.js:1729:8)

[90mstderr[2m | src/presentation/features/todo/view-models/useTodoFormViewModel.spec.ts[2m > [22m[2museTodoFormViewModel[2m > [22m[2mhandleFormSubmit[2m > [22m[2mshould return false when submission fails
[22m[39mFailed to create todo: Error: Network error
    at [90m/home/runner/work/capbato/capbato/apps/web/[39msrc/presentation/features/todo/view-models/useTodoFormViewModel.spec.ts:171:21
    at file:///home/runner/work/capbato/capbato/node_modules/[4m.pnpm[24m/@vitest+runner@3.2.4/node_modules/[4m@vitest[24m/runner/dist/chunk-hooks.js:155:11
    at file:///home/runner/work/capbato/capbato/node_modules/[4m.pnpm[24m/@vitest+runner@3.2.4/node_modules/[4m@vitest[24m/runner/dist/chunk-hooks.js:752:26
    at file:///home/runner/work/capbato/capbato/node_modules/[4m.pnpm[24m/@vitest+runner@3.2.4/node_modules/[4m@vitest[24m/runner/dist/chunk-hooks.js:1897:20
    at new Promise (<anonymous>)
    at runWithTimeout (file:///home/runner/work/capbato/capbato/node_modules/[4m.pnpm[24m/@vitest+runner@3.2.4/node_modules/[4m@vitest[24m/runner/dist/chunk-hooks.js:1863:10)
    at runTest (file:///home/runner/work/capbato/capbato/node_modules/[4m.pnpm[24m/@vitest+runner@3.2.4/node_modules/[4m@vitest[24m/runner/dist/chunk-hooks.js:1574:12)
    at runSuite (file:///home/runner/work/capbato/capbato/node_modules/[4m.pnpm[24m/@vitest+runner@3.2.4/node_modules/[4m@vitest[24m/runner/dist/chunk-hooks.js:1729:8)
    at runSuite (file:///home/runner/work/capbato/capbato/node_modules/[4m.pnpm[24m/@vitest+runner@3.2.4/node_modules/[4m@vitest[24m/runner/dist/chunk-hooks.js:1729:8)
    at runSuite (file:///home/runner/work/capbato/capbato/node_modules/[4m.pnpm[24m/@vitest+runner@3.2.4/node_modules/[4m@vitest[24m/runner/dist/chunk-hooks.js:1729:8)

[90mstderr[2m | src/presentation/features/todo/view-models/useTodoFormViewModel.spec.ts[2m > [22m[2museTodoFormViewModel[2m > [22m[2mhandleFormSubmit[2m > [22m[2mshould return false when submission fails
[22m[39mFailed to create todo: Error: Network error
    at [90m/home/runner/work/capbato/capbato/apps/web/[39msrc/presentation/features/todo/view-models/useTodoFormViewModel.spec.ts:171:21
    at file:///home/runner/work/capbato/capbato/node_modules/[4m.pnpm[24m/@vitest+runner@3.2.4/node_modules/[4m@vitest[24m/runner/dist/chunk-hooks.js:155:11
    at file:///home/runner/work/capbato/capbato/node_modules/[4m.pnpm[24m/@vitest+runner@3.2.4/node_modules/[4m@vitest[24m/runner/dist/chunk-hooks.js:752:26
    at file:///home/runner/work/capbato/capbato/node_modules/[4m.pnpm[24m/@vitest+runner@3.2.4/node_modules/[4m@vitest[24m/runner/dist/chunk-hooks.js:1897:20
    at new Promise (<anonymous>)
    at runWithTimeout (file:///home/runner/work/capbato/capbato/node_modules/[4m.pnpm[24m/@vitest+runner@3.2.4/node_modules/[4m@vitest[24m/runner/dist/chunk-hooks.js:1863:10)
    at runTest (file:///home/runner/work/capbato/capbato/node_modules/[4m.pnpm[24m/@vitest+runner@3.2.4/node_modules/[4m@vitest[24m/runner/dist/chunk-hooks.js:1574:12)
    at runSuite (file:///home/runner/work/capbato/capbato/node_modules/[4m.pnpm[24m/@vitest+runner@3.2.4/node_modules/[4m@vitest[24m/runner/dist/chunk-hooks.js:1729:8)
    at runSuite (file:///home/runner/work/capbato/capbato/node_modules/[4m.pnpm[24m/@vitest+runner@3.2.4/node_modules/[4m@vitest[24m/runner/dist/chunk-hooks.js:1729:8)
    at runSuite (file:///home/runner/work/capbato/capbato/node_modules/[4m.pnpm[24m/@vitest+runner@3.2.4/node_modules/[4m@vitest[24m/runner/dist/chunk-hooks.js:1729:8)

[90mstderr[2m | src/presentation/features/todo/view-models/useTodoFormViewModel.spec.ts[2m > [22m[2museTodoFormViewModel[2m > [22m[2mhandleFormSubmit[2m > [22m[2mshould handle API errors gracefully
[22m[39mFailed to create todo: Error: API Error
    at [90m/home/runner/work/capbato/capbato/apps/web/[39msrc/presentation/features/todo/view-models/useTodoFormViewModel.spec.ts:184:21
    at file:///home/runner/work/capbato/capbato/node_modules/[4m.pnpm[24m/@vitest+runner@3.2.4/node_modules/[4m@vitest[24m/runner/dist/chunk-hooks.js:155:11
    at file:///home/runner/work/capbato/capbato/node_modules/[4m.pnpm[24m/@vitest+runner@3.2.4/node_modules/[4m@vitest[24m/runner/dist/chunk-hooks.js:752:26
    at file:///home/runner/work/capbato/capbato/node_modules/[4m.pnpm[24m/@vitest+runner@3.2.4/node_modules/[4m@vitest[24m/runner/dist/chunk-hooks.js:1897:20
    at new Promise (<anonymous>)
    at runWithTimeout (file:///home/runner/work/capbato/capbato/node_modules/[4m.pnpm[24m/@vitest+runner@3.2.4/node_modules/[4m@vitest[24m/runner/dist/chunk-hooks.js:1863:10)
    at runTest (file:///home/runner/work/capbato/capbato/node_modules/[4m.pnpm[24m/@vitest+runner@3.2.4/node_modules/[4m@vitest[24m/runner/dist/chunk-hooks.js:1574:12)
    at runSuite (file:///home/runner/work/capbato/capbato/node_modules/[4m.pnpm[24m/@vitest+runner@3.2.4/node_modules/[4m@vitest[24m/runner/dist/chunk-hooks.js:1729:8)
    at runSuite (file:///home/runner/work/capbato/capbato/node_modules/[4m.pnpm[24m/@vitest+runner@3.2.4/node_modules/[4m@vitest[24m/runner/dist/chunk-hooks.js:1729:8)
    at runSuite (file:///home/runner/work/capbato/capbato/node_modules/[4m.pnpm[24m/@vitest+runner@3.2.4/node_modules/[4m@vitest[24m/runner/dist/chunk-hooks.js:1729:8)

[90mstderr[2m | src/presentation/features/todo/view-models/useTodoFormViewModel.spec.ts[2m > [22m[2museTodoFormViewModel[2m > [22m[2mhandleFormSubmit[2m > [22m[2mshould handle API errors gracefully
[22m[39mFailed to create todo: Error: API Error
    at [90m/home/runner/work/capbato/capbato/apps/web/[39msrc/presentation/features/todo/view-models/useTodoFormViewModel.spec.ts:184:21
    at file:///home/runner/work/capbato/capbato/node_modules/[4m.pnpm[24m/@vitest+runner@3.2.4/node_modules/[4m@vitest[24m/runner/dist/chunk-hooks.js:155:11
    at file:///home/runner/work/capbato/capbato/node_modules/[4m.pnpm[24m/@vitest+runner@3.2.4/node_modules/[4m@vitest[24m/runner/dist/chunk-hooks.js:752:26
    at file:///home/runner/work/capbato/capbato/node_modules/[4m.pnpm[24m/@vitest+runner@3.2.4/node_modules/[4m@vitest[24m/runner/dist/chunk-hooks.js:1897:20
    at new Promise (<anonymous>)
    at runWithTimeout (file:///home/runner/work/capbato/capbato/node_modules/[4m.pnpm[24m/@vitest+runner@3.2.4/node_modules/[4m@vitest[24m/runner/dist/chunk-hooks.js:1863:10)
    at runTest (file:///home/runner/work/capbato/capbato/node_modules/[4m.pnpm[24m/@vitest+runner@3.2.4/node_modules/[4m@vitest[24m/runner/dist/chunk-hooks.js:1574:12)
    at runSuite (file:///home/runner/work/capbato/capbato/node_modules/[4m.pnpm[24m/@vitest+runner@3.2.4/node_modules/[4m@vitest[24m/runner/dist/chunk-hooks.js:1729:8)
    at runSuite (file:///home/runner/work/capbato/capbato/node_modules/[4m.pnpm[24m/@vitest+runner@3.2.4/node_modules/[4m@vitest[24m/runner/dist/chunk-hooks.js:1729:8)
    at runSuite (file:///home/runner/work/capbato/capbato/node_modules/[4m.pnpm[24m/@vitest+runner@3.2.4/node_modules/[4m@vitest[24m/runner/dist/chunk-hooks.js:1729:8)

 [32m✓[39m src/presentation/features/todo/view-models/useTodoFormViewModel.spec.ts [2m([22m[2m14 tests[22m[2m)[22m[32m 71[2mms[22m[39m
 [32m✓[39m src/presentation/components/ui/card.spec.tsx [2m([22m[2m18 tests[22m[2m)[22m[32m 94[2mms[22m[39m
 [32m✓[39m src/presentation/components/ui/badge.spec.tsx [2m([22m[2m21 tests[22m[2m)[22m[32m 108[2mms[22m[39m
 [32m✓[39m src/presentation/components/ui/form-hooks.spec.ts [2m([22m[2m22 tests[22m[2m)[22m[32m 91[2mms[22m[39m
 [32m✓[39m src/presentation/components/ui/label.spec.tsx [2m([22m[2m16 tests[22m[2m)[22m[32m 79[2mms[22m[39m
 [32m✓[39m src/presentation/components/ui/separator.spec.tsx [2m([22m[2m16 tests[22m[2m)[22m[32m 85[2mms[22m[39m
 [32m✓[39m src/presentation/components/ui/input.spec.tsx [2m([22m[2m1 test[22m[2m)[22m[32m 77[2mms[22m[39m
 [32m✓[39m src/presentation/features/todo/pages/TodoPage.spec.tsx [2m([22m[2m9 tests[22m[2m)[22m[32m 72[2mms[22m[39m
 [32m✓[39m src/presentation/features/todo/view-models/useTodoStatsViewModel.spec.ts [2m([22m[2m17 tests[22m[2m)[22m[32m 69[2mms[22m[39m
[90mstderr[2m | src/presentation/features/staff/view-models/useEnhancedAccountsViewModel.spec.ts[2m > [22m[2museAccountsViewModel[2m > [22m[2mshould return null when doctor details fetch fails
[22m[39mCould not fetch doctor details for user 2: Error: Doctor not found
    at [90m/home/runner/work/capbato/capbato/apps/web/[39msrc/presentation/features/staff/view-models/useEnhancedAccountsViewModel.spec.ts:296:62
    at file:///home/runner/work/capbato/capbato/node_modules/[4m.pnpm[24m/@vitest+runner@3.2.4/node_modules/[4m@vitest[24m/runner/dist/chunk-hooks.js:155:11
    at file:///home/runner/work/capbato/capbato/node_modules/[4m.pnpm[24m/@vitest+runner@3.2.4/node_modules/[4m@vitest[24m/runner/dist/chunk-hooks.js:752:26
    at file:///home/runner/work/capbato/capbato/node_modules/[4m.pnpm[24m/@vitest+runner@3.2.4/node_modules/[4m@vitest[24m/runner/dist/chunk-hooks.js:1897:20
    at new Promise (<anonymous>)
    at runWithTimeout (file:///home/runner/work/capbato/capbato/node_modules/[4m.pnpm[24m/@vitest+runner@3.2.4/node_modules/[4m@vitest[24m/runner/dist/chunk-hooks.js:1863:10)
    at runTest (file:///home/runner/work/capbato/capbato/node_modules/[4m.pnpm[24m/@vitest+runner@3.2.4/node_modules/[4m@vitest[24m/runner/dist/chunk-hooks.js:1574:12)
    at runSuite (file:///home/runner/work/capbato/capbato/node_modules/[4m.pnpm[24m/@vitest+runner@3.2.4/node_modules/[4m@vitest[24m/runner/dist/chunk-hooks.js:1729:8)
    at runSuite (file:///home/runner/work/capbato/capbato/node_modules/[4m.pnpm[24m/@vitest+runner@3.2.4/node_modules/[4m@vitest[24m/runner/dist/chunk-hooks.js:1729:8)
    at runFiles (file:///home/runner/work/capbato/capbato/node_modules/[4m.pnpm[24m/@vitest+runner@3.2.4/node_modules/[4m@vitest[24m/runner/dist/chunk-hooks.js:1787:3)

 [32m✓[39m src/presentation/features/staff/view-models/useEnhancedAccountsViewModel.spec.ts [2m([22m[2m9 tests[22m[2m)[22m[32m 65[2mms[22m[39m
 [32m✓[39m src/infrastructure/state/PatientStore.basic.spec.ts [2m([22m[2m12 tests[22m[2m)[22m[32m 55[2mms[22m[39m
 [32m✓[39m src/presentation/layouts/MainLayout.spec.tsx [2m([22m[2m2 tests[22m[2m)[22m[32m 51[2mms[22m[39m
 [32m✓[39m src/infrastructure/state/AuthStore.spec.ts [2m([22m[2m8 tests[22m[2m)[22m[32m 38[2mms[22m[39m
 [32m✓[39m src/app/app.spec.tsx [2m([22m[2m5 tests[22m[2m)[22m[32m 62[2mms[22m[39m
[90mstderr[2m | src/infrastructure/api/AddressApiService.spec.ts[2m > [22m[2mAddressApiService[2m > [22m[2mgetProvinces[2m > [22m[2mshould throw error when API response is unsuccessful
[22m[39mError fetching provinces: Error: Failed to fetch provinces
    at AddressApiService.getProvinces [90m(/home/runner/work/capbato/capbato/apps/web/[39msrc/infrastructure/api/AddressApiService.ts:54:13[90m)[39m
[90m    at processTicksAndRejections (node:internal/process/task_queues:95:5)[39m

[90mstderr[2m | src/infrastructure/api/AddressApiService.spec.ts[2m > [22m[2mAddressApiService[2m > [22m[2mgetProvinces[2m > [22m[2mshould handle network errors
[22m[39mError fetching provinces: Error: Network connection failed
    at [90m/home/runner/work/capbato/capbato/apps/web/[39msrc/infrastructure/api/AddressApiService.spec.ts:76:28
    at file:///home/runner/work/capbato/capbato/node_modules/[4m.pnpm[24m/@vitest+runner@3.2.4/node_modules/[4m@vitest[24m/runner/dist/chunk-hooks.js:155:11
    at file:///home/runner/work/capbato/capbato/node_modules/[4m.pnpm[24m/@vitest+runner@3.2.4/node_modules/[4m@vitest[24m/runner/dist/chunk-hooks.js:752:26
    at file:///home/runner/work/capbato/capbato/node_modules/[4m.pnpm[24m/@vitest+runner@3.2.4/node_modules/[4m@vitest[24m/runner/dist/chunk-hooks.js:1897:20
    at new Promise (<anonymous>)
    at runWithTimeout (file:///home/runner/work/capbato/capbato/node_modules/[4m.pnpm[24m/@vitest+runner@3.2.4/node_modules/[4m@vitest[24m/runner/dist/chunk-hooks.js:1863:10)
    at runTest (file:///home/runner/work/capbato/capbato/node_modules/[4m.pnpm[24m/@vitest+runner@3.2.4/node_modules/[4m@vitest[24m/runner/dist/chunk-hooks.js:1574:12)
[90m    at processTicksAndRejections (node:internal/process/task_queues:95:5)[39m
    at runSuite (file:///home/runner/work/capbato/capbato/node_modules/[4m.pnpm[24m/@vitest+runner@3.2.4/node_modules/[4m@vitest[24m/runner/dist/chunk-hooks.js:1729:8)
    at runSuite (file:///home/runner/work/capbato/capbato/node_modules/[4m.pnpm[24m/@vitest+runner@3.2.4/node_modules/[4m@vitest[24m/runner/dist/chunk-hooks.js:1729:8)

[90mstderr[2m | src/infrastructure/api/AddressApiService.spec.ts[2m > [22m[2mAddressApiService[2m > [22m[2mgetProvinces[2m > [22m[2mshould handle unknown errors
[22m[39mError fetching provinces: Unknown error

[90mstderr[2m | src/infrastructure/api/AddressApiService.spec.ts[2m > [22m[2mAddressApiService[2m > [22m[2mgetCitiesByProvince[2m > [22m[2mshould throw error when API response is unsuccessful
[22m[39mError fetching cities for province: CEBU Error: Failed to fetch cities
    at AddressApiService.getCitiesByProvince [90m(/home/runner/work/capbato/capbato/apps/web/[39msrc/infrastructure/api/AddressApiService.ts:83:13[90m)[39m
[90m    at processTicksAndRejections (node:internal/process/task_queues:95:5)[39m

[90mstderr[2m | src/infrastructure/api/AddressApiService.spec.ts[2m > [22m[2mAddressApiService[2m > [22m[2mgetCitiesByProvince[2m > [22m[2mshould handle network errors
[22m[39mError fetching cities for province: CEBU Error: Network timeout
    at [90m/home/runner/work/capbato/capbato/apps/web/[39msrc/infrastructure/api/AddressApiService.spec.ts:134:28
    at file:///home/runner/work/capbato/capbato/node_modules/[4m.pnpm[24m/@vitest+runner@3.2.4/node_modules/[4m@vitest[24m/runner/dist/chunk-hooks.js:155:11
    at file:///home/runner/work/capbato/capbato/node_modules/[4m.pnpm[24m/@vitest+runner@3.2.4/node_modules/[4m@vitest[24m/runner/dist/chunk-hooks.js:752:26
    at file:///home/runner/work/capbato/capbato/node_modules/[4m.pnpm[24m/@vitest+runner@3.2.4/node_modules/[4m@vitest[24m/runner/dist/chunk-hooks.js:1897:20
    at new Promise (<anonymous>)
    at runWithTimeout (file:///home/runner/work/capbato/capbato/node_modules/[4m.pnpm[24m/@vitest+runner@3.2.4/node_modules/[4m@vitest[24m/runner/dist/chunk-hooks.js:1863:10)
    at runTest (file:///home/runner/work/capbato/capbato/node_modules/[4m.pnpm[24m/@vitest+runner@3.2.4/node_modules/[4m@vitest[24m/runner/dist/chunk-hooks.js:1574:12)
[90m    at processTicksAndRejections (node:internal/process/task_queues:95:5)[39m
    at runSuite (file:///home/runner/work/capbato/capbato/node_modules/[4m.pnpm[24m/@vitest+runner@3.2.4/node_modules/[4m@vitest[24m/runner/dist/chunk-hooks.js:1729:8)
    at runSuite (file:///home/runner/work/capbato/capbato/node_modules/[4m.pnpm[24m/@vitest+runner@3.2.4/node_modules/[4m@vitest[24m/runner/dist/chunk-hooks.js:1729:8)

[90mstderr[2m | src/infrastructure/api/AddressApiService.spec.ts[2m > [22m[2mAddressApiService[2m > [22m[2mgetCitiesByProvince[2m > [22m[2mshould handle unknown errors
[22m[39mError fetching cities for province: CEBU [1mnull[22m

[90mstderr[2m | src/infrastructure/api/AddressApiService.spec.ts[2m > [22m[2mAddressApiService[2m > [22m[2mgetBarangaysByCity[2m > [22m[2mshould throw error when API response is unsuccessful
[22m[39mError fetching barangays for city: CEBU_CITY Error: Failed to fetch barangays
    at AddressApiService.getBarangaysByCity [90m(/home/runner/work/capbato/capbato/apps/web/[39msrc/infrastructure/api/AddressApiService.ts:112:13[90m)[39m
[90m    at processTicksAndRejections (node:internal/process/task_queues:95:5)[39m

[90mstderr[2m | src/infrastructure/api/AddressApiService.spec.ts[2m > [22m[2mAddressApiService[2m > [22m[2mgetBarangaysByCity[2m > [22m[2mshould handle network errors
[22m[39mError fetching barangays for city: CEBU_CITY Error: Connection refused
    at [90m/home/runner/work/capbato/capbato/apps/web/[39msrc/infrastructure/api/AddressApiService.spec.ts:192:28
    at file:///home/runner/work/capbato/capbato/node_modules/[4m.pnpm[24m/@vitest+runner@3.2.4/node_modules/[4m@vitest[24m/runner/dist/chunk-hooks.js:155:11
    at file:///home/runner/work/capbato/capbato/node_modules/[4m.pnpm[24m/@vitest+runner@3.2.4/node_modules/[4m@vitest[24m/runner/dist/chunk-hooks.js:752:26
    at file:///home/runner/work/capbato/capbato/node_modules/[4m.pnpm[24m/@vitest+runner@3.2.4/node_modules/[4m@vitest[24m/runner/dist/chunk-hooks.js:1897:20
    at new Promise (<anonymous>)
    at runWithTimeout (file:///home/runner/work/capbato/capbato/node_modules/[4m.pnpm[24m/@vitest+runner@3.2.4/node_modules/[4m@vitest[24m/runner/dist/chunk-hooks.js:1863:10)
    at runTest (file:///home/runner/work/capbato/capbato/node_modules/[4m.pnpm[24m/@vitest+runner@3.2.4/node_modules/[4m@vitest[24m/runner/dist/chunk-hooks.js:1574:12)
[90m    at processTicksAndRejections (node:internal/process/task_queues:95:5)[39m
    at runSuite (file:///home/runner/work/capbato/capbato/node_modules/[4m.pnpm[24m/@vitest+runner@3.2.4/node_modules/[4m@vitest[24m/runner/dist/chunk-hooks.js:1729:8)
    at runSuite (file:///home/runner/work/capbato/capbato/node_modules/[4m.pnpm[24m/@vitest+runner@3.2.4/node_modules/[4m@vitest[24m/runner/dist/chunk-hooks.js:1729:8)

[90mstderr[2m | src/infrastructure/api/AddressApiService.spec.ts[2m > [22m[2mAddressApiService[2m > [22m[2mgetBarangaysByCity[2m > [22m[2mshould handle unknown errors
[22m[39mError fetching barangays for city: CEBU_CITY [33m42[39m

 [32m✓[39m src/infrastructure/api/AddressApiService.spec.ts [2m([22m[2m17 tests[22m[2m)[22m[32m 36[2mms[22m[39m
 [32m✓[39m src/presentation/features/login/view-models/useLoginFormViewModel.spec.ts [2m([22m[2m6 tests[22m[2m)[22m[32m 35[2mms[22m[39m
[90mstdout[2m | src/infrastructure/store/TodoStore.spec.ts[2m > [22m[2mTodoStore[2m > [22m[2mshould handle multiple store instances
[22m[39mLoading todos...

 [32m✓[39m src/infrastructure/store/TodoStore.spec.ts [2m([22m[2m9 tests[22m[2m)[22m[32m 52[2mms[22m[39m
 [32m✓[39m src/presentation/hooks/useOverflowHidden.spec.ts [2m([22m[2m7 tests[22m[2m)[22m[32m 48[2mms[22m[39m
 [32m✓[39m src/presentation/features/medical-records/view-models/useAddLabTestFormViewModel.spec.ts [2m([22m[2m5 tests[22m[2m)[22m[32m 36[2mms[22m[39m
 [32m✓[39m src/presentation/features/transactions/utils/transactionFormatUtils.spec.ts [2m([22m[2m19 tests[22m[2m)[22m[32m 50[2mms[22m[39m
 [32m✓[39m src/presentation/features/patients/view-models/usePatientDetailsViewModel.spec.ts [2m([22m[2m7 tests[22m[2m)[22m[32m 55[2mms[22m[39m
 [32m✓[39m src/presentation/features/todo/view-models/useTodoListViewModel.spec.ts [2m([22m[2m13 tests[22m[2m)[22m[32m 62[2mms[22m[39m
[90mstdout[2m | src/presentation/features/appointments/services/DoctorAssignmentService.spec.ts[2m > [22m[2mDoctorAssignmentService[2m > [22m[2mgetAssignedDoctorForDate[2m > [22m[2mshould return correct doctor for MWF schedule on Monday
[22m[39m🔄 [DoctorAssignmentService] Loading doctor assignment data...

[90mstdout[2m | src/presentation/features/appointments/services/DoctorAssignmentService.spec.ts[2m > [22m[2mDoctorAssignmentService[2m > [22m[2mgetAssignedDoctorForDate[2m > [22m[2mshould return correct doctor for MWF schedule on Monday
[22m[39m🔍 [DoctorAssignmentService] Getting doctor assignment for 2024-01-01 (MONDAY)
📅 [DoctorAssignmentService] Regular schedule: Dr. John Smith (General Physician)

[90mstdout[2m | src/presentation/features/appointments/services/DoctorAssignmentService.spec.ts[2m > [22m[2mDoctorAssignmentService[2m > [22m[2mgetAssignedDoctorForDate[2m > [22m[2mshould return correct doctor for MWF schedule on Monday
[22m[39m🗑️ [DoctorAssignmentService] Clearing cache...

[90mstdout[2m | src/presentation/features/appointments/services/DoctorAssignmentService.spec.ts[2m > [22m[2mDoctorAssignmentService[2m > [22m[2mgetAssignedDoctorForDate[2m > [22m[2mshould return correct doctor for TTH schedule on Tuesday
[22m[39m🔄 [DoctorAssignmentService] Loading doctor assignment data...

[90mstdout[2m | src/presentation/features/appointments/services/DoctorAssignmentService.spec.ts[2m > [22m[2mDoctorAssignmentService[2m > [22m[2mgetAssignedDoctorForDate[2m > [22m[2mshould return correct doctor for TTH schedule on Tuesday
[22m[39m🔍 [DoctorAssignmentService] Getting doctor assignment for 2024-01-02 (TUESDAY)
📅 [DoctorAssignmentService] Regular schedule: Dr. Jane Johnson (Internal Medicine)

[90mstdout[2m | src/presentation/features/appointments/services/DoctorAssignmentService.spec.ts[2m > [22m[2mDoctorAssignmentService[2m > [22m[2mgetAssignedDoctorForDate[2m > [22m[2mshould return correct doctor for TTH schedule on Tuesday
[22m[39m🗑️ [DoctorAssignmentService] Clearing cache...

[90mstdout[2m | src/presentation/features/appointments/services/DoctorAssignmentService.spec.ts[2m > [22m[2mDoctorAssignmentService[2m > [22m[2mgetAssignedDoctorForDate[2m > [22m[2mshould return correct doctor for MWF schedule on Wednesday
[22m[39m🔄 [DoctorAssignmentService] Loading doctor assignment data...

[90mstdout[2m | src/presentation/features/appointments/services/DoctorAssignmentService.spec.ts[2m > [22m[2mDoctorAssignmentService[2m > [22m[2mgetAssignedDoctorForDate[2m > [22m[2mshould return correct doctor for MWF schedule on Wednesday
[22m[39m🔍 [DoctorAssignmentService] Getting doctor assignment for 2024-01-03 (WEDNESDAY)
📅 [DoctorAssignmentService] Regular schedule: Dr. John Smith (General Physician)

[90mstdout[2m | src/presentation/features/appointments/services/DoctorAssignmentService.spec.ts[2m > [22m[2mDoctorAssignmentService[2m > [22m[2mgetAssignedDoctorForDate[2m > [22m[2mshould return correct doctor for MWF schedule on Wednesday
[22m[39m🗑️ [DoctorAssignmentService] Clearing cache...

[90mstdout[2m | src/presentation/features/appointments/services/DoctorAssignmentService.spec.ts[2m > [22m[2mDoctorAssignmentService[2m > [22m[2mgetAssignedDoctorForDate[2m > [22m[2mshould return correct doctor for TTH schedule on Thursday
[22m[39m🔄 [DoctorAssignmentService] Loading doctor assignment data...

[90mstdout[2m | src/presentation/features/appointments/services/DoctorAssignmentService.spec.ts[2m > [22m[2mDoctorAssignmentService[2m > [22m[2mgetAssignedDoctorForDate[2m > [22m[2mshould return correct doctor for TTH schedule on Thursday
[22m[39m🔍 [DoctorAssignmentService] Getting doctor assignment for 2024-01-04 (THURSDAY)
📅 [DoctorAssignmentService] Regular schedule: Dr. Jane Johnson (Internal Medicine)

[90mstdout[2m | src/presentation/features/appointments/services/DoctorAssignmentService.spec.ts[2m > [22m[2mDoctorAssignmentService[2m > [22m[2mgetAssignedDoctorForDate[2m > [22m[2mshould return correct doctor for TTH schedule on Thursday
[22m[39m🗑️ [DoctorAssignmentService] Clearing cache...

[90mstdout[2m | src/presentation/features/appointments/services/DoctorAssignmentService.spec.ts[2m > [22m[2mDoctorAssignmentService[2m > [22m[2mgetAssignedDoctorForDate[2m > [22m[2mshould return correct doctor for MWF schedule on Friday
[22m[39m🔄 [DoctorAssignmentService] Loading doctor assignment data...

[90mstdout[2m | src/presentation/features/appointments/services/DoctorAssignmentService.spec.ts[2m > [22m[2mDoctorAssignmentService[2m > [22m[2mgetAssignedDoctorForDate[2m > [22m[2mshould return correct doctor for MWF schedule on Friday
[22m[39m🔍 [DoctorAssignmentService] Getting doctor assignment for 2024-01-05 (FRIDAY)
📅 [DoctorAssignmentService] Regular schedule: Dr. John Smith (General Physician)

[90mstdout[2m | src/presentation/features/appointments/services/DoctorAssignmentService.spec.ts[2m > [22m[2mDoctorAssignmentService[2m > [22m[2mgetAssignedDoctorForDate[2m > [22m[2mshould return correct doctor for MWF schedule on Friday
[22m[39m🗑️ [DoctorAssignmentService] Clearing cache...

[90mstdout[2m | src/presentation/features/appointments/services/DoctorAssignmentService.spec.ts[2m > [22m[2mDoctorAssignmentService[2m > [22m[2mgetAssignedDoctorForDate[2m > [22m[2mshould return null for weekend days with no scheduled doctors
[22m[39m🔄 [DoctorAssignmentService] Loading doctor assignment data...

[90mstdout[2m | src/presentation/features/appointments/services/DoctorAssignmentService.spec.ts[2m > [22m[2mDoctorAssignmentService[2m > [22m[2mgetAssignedDoctorForDate[2m > [22m[2mshould return null for weekend days with no scheduled doctors
[22m[39m🔍 [DoctorAssignmentService] Getting doctor assignment for 2024-01-06 (SATURDAY)
❌ [DoctorAssignmentService] No doctor assigned for SATURDAY

[90mstdout[2m | src/presentation/features/appointments/services/DoctorAssignmentService.spec.ts[2m > [22m[2mDoctorAssignmentService[2m > [22m[2mgetAssignedDoctorForDate[2m > [22m[2mshould return null for weekend days with no scheduled doctors
[22m[39m🔍 [DoctorAssignmentService] Getting doctor assignment for 2024-01-07 (SUNDAY)
❌ [DoctorAssignmentService] No doctor assigned for SUNDAY

[90mstdout[2m | src/presentation/features/appointments/services/DoctorAssignmentService.spec.ts[2m > [22m[2mDoctorAssignmentService[2m > [22m[2mgetAssignedDoctorForDate[2m > [22m[2mshould return null for weekend days with no scheduled doctors
[22m[39m🗑️ [DoctorAssignmentService] Clearing cache...

[90mstdout[2m | src/presentation/features/appointments/services/DoctorAssignmentService.spec.ts[2m > [22m[2mDoctorAssignmentService[2m > [22m[2mgetAssignedDoctorForDate[2m > [22m[2mshould respect schedule override when one exists
[22m[39m🔄 [DoctorAssignmentService] Loading doctor assignment data...

[90mstdout[2m | src/presentation/features/appointments/services/DoctorAssignmentService.spec.ts[2m > [22m[2mDoctorAssignmentService[2m > [22m[2mgetAssignedDoctorForDate[2m > [22m[2mshould respect schedule override when one exists
[22m[39m🔍 [DoctorAssignmentService] Getting doctor assignment for 2024-01-15 (MONDAY)
🔀 [DoctorAssignmentService] Found override: Dr. Jane Johnson (Internal Medicine)

[90mstdout[2m | src/presentation/features/appointments/services/DoctorAssignmentService.spec.ts[2m > [22m[2mDoctorAssignmentService[2m > [22m[2mgetAssignedDoctorForDate[2m > [22m[2mshould respect schedule override when one exists
[22m[39m🗑️ [DoctorAssignmentService] Clearing cache...

[90mstdout[2m | src/presentation/features/appointments/services/DoctorAssignmentService.spec.ts[2m > [22m[2mDoctorAssignmentService[2m > [22m[2mgetAssignedDoctorForDate[2m > [22m[2mshould handle invalid dates gracefully
[22m[39m🔄 [DoctorAssignmentService] Loading doctor assignment data...

[90mstdout[2m | src/presentation/features/appointments/services/DoctorAssignmentService.spec.ts[2m > [22m[2mDoctorAssignmentService[2m > [22m[2mgetAssignedDoctorForDate[2m > [22m[2mshould handle invalid dates gracefully
[22m[39m🗑️ [DoctorAssignmentService] Clearing cache...

[90mstdout[2m | src/presentation/features/appointments/services/DoctorAssignmentService.spec.ts[2m > [22m[2mDoctorAssignmentService[2m > [22m[2mgetAssignedDoctorDisplayName[2m > [22m[2mshould return formatted display name for assigned doctor
[22m[39m🔄 [DoctorAssignmentService] Loading doctor assignment data...

[90mstdout[2m | src/presentation/features/appointments/services/DoctorAssignmentService.spec.ts[2m > [22m[2mDoctorAssignmentService[2m > [22m[2mgetAssignedDoctorDisplayName[2m > [22m[2mshould return formatted display name for assigned doctor
[22m[39m🔍 [DoctorAssignmentService] Getting doctor assignment for 2024-01-01 (MONDAY)
📅 [DoctorAssignmentService] Regular schedule: Dr. John Smith (General Physician)

[90mstdout[2m | src/presentation/features/appointments/services/DoctorAssignmentService.spec.ts[2m > [22m[2mDoctorAssignmentService[2m > [22m[2mgetAssignedDoctorDisplayName[2m > [22m[2mshould return formatted display name for assigned doctor
[22m[39m🗑️ [DoctorAssignmentService] Clearing cache...

[90mstdout[2m | src/presentation/features/appointments/services/DoctorAssignmentService.spec.ts[2m > [22m[2mDoctorAssignmentService[2m > [22m[2mgetAssignedDoctorDisplayName[2m > [22m[2mshould return "No doctor assigned" when no doctor is scheduled
[22m[39m🔄 [DoctorAssignmentService] Loading doctor assignment data...

[90mstdout[2m | src/presentation/features/appointments/services/DoctorAssignmentService.spec.ts[2m > [22m[2mDoctorAssignmentService[2m > [22m[2mgetAssignedDoctorDisplayName[2m > [22m[2mshould return "No doctor assigned" when no doctor is scheduled
[22m[39m🔍 [DoctorAssignmentService] Getting doctor assignment for 2024-01-06 (SATURDAY)
❌ [DoctorAssignmentService] No doctor assigned for SATURDAY

[90mstdout[2m | src/presentation/features/appointments/services/DoctorAssignmentService.spec.ts[2m > [22m[2mDoctorAssignmentService[2m > [22m[2mgetAssignedDoctorDisplayName[2m > [22m[2mshould return "No doctor assigned" when no doctor is scheduled
[22m[39m🗑️ [DoctorAssignmentService] Clearing cache...

[90mstdout[2m | src/presentation/features/appointments/services/DoctorAssignmentService.spec.ts[2m > [22m[2mDoctorAssignmentService[2m > [22m[2mgetAssignedDoctorDisplayName[2m > [22m[2mshould return error message when API call fails
[22m[39m🔄 [DoctorAssignmentService] Loading doctor assignment data...

[90mstderr[2m | src/presentation/features/appointments/services/DoctorAssignmentService.spec.ts[2m > [22m[2mDoctorAssignmentService[2m > [22m[2mgetAssignedDoctorDisplayName[2m > [22m[2mshould return error message when API call fails
[22m[39m❌ [DoctorAssignmentService] Error loading data: Error: API Error
    at [90m/home/runner/work/capbato/capbato/apps/web/[39msrc/presentation/features/appointments/services/DoctorAssignmentService.spec.ts:341:60
    at file:///home/runner/work/capbato/capbato/node_modules/[4m.pnpm[24m/@vitest+runner@3.2.4/node_modules/[4m@vitest[24m/runner/dist/chunk-hooks.js:155:11
    at file:///home/runner/work/capbato/capbato/node_modules/[4m.pnpm[24m/@vitest+runner@3.2.4/node_modules/[4m@vitest[24m/runner/dist/chunk-hooks.js:752:26
    at file:///home/runner/work/capbato/capbato/node_modules/[4m.pnpm[24m/@vitest+runner@3.2.4/node_modules/[4m@vitest[24m/runner/dist/chunk-hooks.js:1897:20
    at new Promise (<anonymous>)
    at runWithTimeout (file:///home/runner/work/capbato/capbato/node_modules/[4m.pnpm[24m/@vitest+runner@3.2.4/node_modules/[4m@vitest[24m/runner/dist/chunk-hooks.js:1863:10)
    at runTest (file:///home/runner/work/capbato/capbato/node_modules/[4m.pnpm[24m/@vitest+runner@3.2.4/node_modules/[4m@vitest[24m/runner/dist/chunk-hooks.js:1574:12)
[90m    at processTicksAndRejections (node:internal/process/task_queues:95:5)[39m
    at runSuite (file:///home/runner/work/capbato/capbato/node_modules/[4m.pnpm[24m/@vitest+runner@3.2.4/node_modules/[4m@vitest[24m/runner/dist/chunk-hooks.js:1729:8)
    at runSuite (file:///home/runner/work/capbato/capbato/node_modules/[4m.pnpm[24m/@vitest+runner@3.2.4/node_modules/[4m@vitest[24m/runner/dist/chunk-hooks.js:1729:8)

[90mstderr[2m | src/presentation/features/appointments/services/DoctorAssignmentService.spec.ts[2m > [22m[2mDoctorAssignmentService[2m > [22m[2mgetAssignedDoctorDisplayName[2m > [22m[2mshould return error message when API call fails
[22m[39m❌ [DoctorAssignmentService] Error getting doctor display name: Error: Failed to load doctor assignment data
    at TestDoctorAssignmentService.loadData [90m(/home/runner/work/capbato/capbato/apps/web/[39msrc/presentation/features/appointments/services/DoctorAssignmentService.spec.ts:81:13[90m)[39m
[90m    at processTicksAndRejections (node:internal/process/task_queues:95:5)[39m
    at TestDoctorAssignmentService.getAssignedDoctorForDate [90m(/home/runner/work/capbato/capbato/apps/web/[39msrc/presentation/features/appointments/services/DoctorAssignmentService.spec.ts:93:7[90m)[39m
    at TestDoctorAssignmentService.getAssignedDoctorDisplayName [90m(/home/runner/work/capbato/capbato/apps/web/[39msrc/presentation/features/appointments/services/DoctorAssignmentService.spec.ts:130:22[90m)[39m
    at [90m/home/runner/work/capbato/capbato/apps/web/[39msrc/presentation/features/appointments/services/DoctorAssignmentService.spec.ts:344:22
    at file:///home/runner/work/capbato/capbato/node_modules/[4m.pnpm[24m/@vitest+runner@3.2.4/node_modules/[4m@vitest[24m/runner/dist/chunk-hooks.js:752:20

[90mstdout[2m | src/presentation/features/appointments/services/DoctorAssignmentService.spec.ts[2m > [22m[2mDoctorAssignmentService[2m > [22m[2mgetAssignedDoctorDisplayName[2m > [22m[2mshould return error message when API call fails
[22m[39m🗑️ [DoctorAssignmentService] Clearing cache...

[90mstdout[2m | src/presentation/features/appointments/services/DoctorAssignmentService.spec.ts[2m > [22m[2mDoctorAssignmentService[2m > [22m[2mgetAssignedDoctorId[2m > [22m[2mshould return doctor ID for assigned doctor
[22m[39m🔄 [DoctorAssignmentService] Loading doctor assignment data...

[90mstdout[2m | src/presentation/features/appointments/services/DoctorAssignmentService.spec.ts[2m > [22m[2mDoctorAssignmentService[2m > [22m[2mgetAssignedDoctorId[2m > [22m[2mshould return doctor ID for assigned doctor
[22m[39m🔍 [DoctorAssignmentService] Getting doctor assignment for 2024-01-01 (MONDAY)
📅 [DoctorAssignmentService] Regular schedule: Dr. John Smith (General Physician)

[90mstdout[2m | src/presentation/features/appointments/services/DoctorAssignmentService.spec.ts[2m > [22m[2mDoctorAssignmentService[2m > [22m[2mgetAssignedDoctorId[2m > [22m[2mshould return doctor ID for assigned doctor
[22m[39m🗑️ [DoctorAssignmentService] Clearing cache...

[90mstdout[2m | src/presentation/features/appointments/services/DoctorAssignmentService.spec.ts[2m > [22m[2mDoctorAssignmentService[2m > [22m[2mgetAssignedDoctorId[2m > [22m[2mshould return null when no doctor is scheduled
[22m[39m🔄 [DoctorAssignmentService] Loading doctor assignment data...

[90mstdout[2m | src/presentation/features/appointments/services/DoctorAssignmentService.spec.ts[2m > [22m[2mDoctorAssignmentService[2m > [22m[2mgetAssignedDoctorId[2m > [22m[2mshould return null when no doctor is scheduled
[22m[39m🔍 [DoctorAssignmentService] Getting doctor assignment for 2024-01-06 (SATURDAY)
❌ [DoctorAssignmentService] No doctor assigned for SATURDAY

[90mstdout[2m | src/presentation/features/appointments/services/DoctorAssignmentService.spec.ts[2m > [22m[2mDoctorAssignmentService[2m > [22m[2mgetAssignedDoctorId[2m > [22m[2mshould return null when no doctor is scheduled
[22m[39m🗑️ [DoctorAssignmentService] Clearing cache...

[90mstdout[2m | src/presentation/features/appointments/services/DoctorAssignmentService.spec.ts[2m > [22m[2mDoctorAssignmentService[2m > [22m[2mcaching[2m > [22m[2mshould cache API responses and not call API again within cache duration
[22m[39m🔄 [DoctorAssignmentService] Loading doctor assignment data...

[90mstdout[2m | src/presentation/features/appointments/services/DoctorAssignmentService.spec.ts[2m > [22m[2mDoctorAssignmentService[2m > [22m[2mcaching[2m > [22m[2mshould cache API responses and not call API again within cache duration
[22m[39m🔍 [DoctorAssignmentService] Getting doctor assignment for 2024-01-01 (MONDAY)
📅 [DoctorAssignmentService] Regular schedule: Dr. John Smith (General Physician)

[90mstdout[2m | src/presentation/features/appointments/services/DoctorAssignmentService.spec.ts[2m > [22m[2mDoctorAssignmentService[2m > [22m[2mcaching[2m > [22m[2mshould cache API responses and not call API again within cache duration
[22m[39m🔍 [DoctorAssignmentService] Getting doctor assignment for 2024-01-01 (MONDAY)
📅 [DoctorAssignmentService] Regular schedule: Dr. John Smith (General Physician)

[90mstdout[2m | src/presentation/features/appointments/services/DoctorAssignmentService.spec.ts[2m > [22m[2mDoctorAssignmentService[2m > [22m[2mcaching[2m > [22m[2mshould cache API responses and not call API again within cache duration
[22m[39m🗑️ [DoctorAssignmentService] Clearing cache...

[90mstdout[2m | src/presentation/features/appointments/services/DoctorAssignmentService.spec.ts[2m > [22m[2mDoctorAssignmentService[2m > [22m[2mcaching[2m > [22m[2mshould clear cache when clearCache is called
[22m[39m🔄 [DoctorAssignmentService] Loading doctor assignment data...

[90mstdout[2m | src/presentation/features/appointments/services/DoctorAssignmentService.spec.ts[2m > [22m[2mDoctorAssignmentService[2m > [22m[2mcaching[2m > [22m[2mshould clear cache when clearCache is called
[22m[39m🔍 [DoctorAssignmentService] Getting doctor assignment for 2024-01-01 (MONDAY)
📅 [DoctorAssignmentService] Regular schedule: Dr. John Smith (General Physician)

[90mstdout[2m | src/presentation/features/appointments/services/DoctorAssignmentService.spec.ts[2m > [22m[2mDoctorAssignmentService[2m > [22m[2mcaching[2m > [22m[2mshould clear cache when clearCache is called
[22m[39m🗑️ [DoctorAssignmentService] Clearing cache...
🔄 [DoctorAssignmentService] Loading doctor assignment data...

[90mstdout[2m | src/presentation/features/appointments/services/DoctorAssignmentService.spec.ts[2m > [22m[2mDoctorAssignmentService[2m > [22m[2mcaching[2m > [22m[2mshould clear cache when clearCache is called
[22m[39m🔍 [DoctorAssignmentService] Getting doctor assignment for 2024-01-01 (MONDAY)
📅 [DoctorAssignmentService] Regular schedule: Dr. John Smith (General Physician)

[90mstdout[2m | src/presentation/features/appointments/services/DoctorAssignmentService.spec.ts[2m > [22m[2mDoctorAssignmentService[2m > [22m[2mcaching[2m > [22m[2mshould clear cache when clearCache is called
[22m[39m🗑️ [DoctorAssignmentService] Clearing cache...

 [32m✓[39m src/presentation/features/appointments/services/DoctorAssignmentService.spec.ts [2m([22m[2m15 tests[22m[2m)[22m[32m 50[2mms[22m[39m
 [32m✓[39m src/presentation/features/shared/view-models/useErrorBannerViewModel.spec.ts [2m([22m[2m9 tests[22m[2m)[22m[32m 48[2mms[22m[39m
 [32m✓[39m src/infrastructure/state/TodoStore.basic.spec.ts [2m([22m[2m10 tests[22m[2m)[22m[32m 53[2mms[22m[39m
 [32m✓[39m src/infrastructure/utils/ErrorMapping.spec.ts [2m([22m[2m35 tests[22m[2m)[22m[32m 36[2mms[22m[39m
 [32m✓[39m src/presentation/features/todo/view-models/useTodoViewModel.spec.tsx [2m([22m[2m3 tests[22m[2m)[22m[32m 31[2mms[22m[39m
 [32m✓[39m src/infrastructure/state/AppointmentStore.basic.spec.ts [2m([22m[2m5 tests[22m[2m)[22m[32m 40[2mms[22m[39m
 [32m✓[39m src/infrastructure/api/errors/ApiError.spec.ts [2m([22m[2m25 tests[22m[2m)[22m[32m 24[2mms[22m[39m
 [32m✓[39m src/presentation/features/transactions/config/receiptFormConfig.spec.ts [2m([22m[2m19 tests[22m[2m)[22m[32m 21[2mms[22m[39m
 [32m✓[39m src/presentation/features/transactions/view-models/index.spec.ts [2m([22m[2m5 tests[22m[2m)[22m[32m 28[2mms[22m[39m
 [32m✓[39m src/infrastructure/api/AuthApiService.spec.ts [2m([22m[2m14 tests[22m[2m)[22m[32m 23[2mms[22m[39m
 [32m✓[39m src/infrastructure/http/HttpClientFactory.spec.ts [2m([22m[2m15 tests[22m[2m)[22m[32m 26[2mms[22m[39m
 [32m✓[39m src/lib/utils.spec.ts [2m([22m[2m10 tests[22m[2m)[22m[32m 27[2mms[22m[39m
 [32m✓[39m src/presentation/features/transactions/types/index.spec.ts [2m([22m[2m2 tests[22m[2m)[22m[32m 17[2mms[22m[39m
 [32m✓[39m src/test/test-helpers.spec.ts [2m([22m[2m16 tests[22m[2m)[22m[32m 21[2mms[22m[39m
 [32m✓[39m src/presentation/features/transactions/utils/receiptCalculations.spec.ts [2m([22m[2m26 tests[22m[2m)[22m[32m 15[2mms[22m[39m
 [32m✓[39m src/lib/mantine-theme.spec.ts [2m([22m[2m10 tests[22m[2m)[22m[32m 29[2mms[22m[39m
 [32m✓[39m src/infrastructure/http/index.spec.ts [2m([22m[2m3 tests[22m[2m)[22m[32m 15[2mms[22m[39m
 [32m✓[39m src/test/mocks/zustand.spec.ts [2m([22m[2m12 tests[22m[2m)[22m[32m 18[2mms[22m[39m
 [32m✓[39m src/infrastructure/http/IHttpClient.spec.ts [2m([22m[2m9 tests[22m[2m)[22m[32m 15[2mms[22m[39m
 [32m✓[39m src/presentation/hooks/index.spec.ts [2m([22m[2m5 tests[22m[2m)[22m[32m 16[2mms[22m[39m
 [32m✓[39m src/infrastructure/api/AuthCommandService.spec.ts [2m([22m[2m10 tests[22m[2m)[22m[32m 19[2mms[22m[39m
 [32m✓[39m src/presentation/features/transactions/config/transactionsPageConfig.spec.ts [2m([22m[2m7 tests[22m[2m)[22m[32m 14[2mms[22m[39m
 [32m✓[39m src/presentation/components/layout/MedicalClinicSidebar.spec.tsx [2m([22m[2m18 tests[22m[2m)[22m[32m 15[2mms[22m[39m
 [32m✓[39m src/main.spec.tsx [2m([22m[2m3 tests[22m[2m)[22m[32m 15[2mms[22m[39m
 [32m✓[39m src/infrastructure/api/IAuthApiService.spec.ts [2m([22m[2m5 tests[22m[2m)[22m[32m 11[2mms[22m[39m
 [32m✓[39m src/infrastructure/api/ILaboratoryApiService.spec.ts [2m([22m[2m2 tests[22m[2m)[22m[32m 8[2mms[22m[39m
 [32m✓[39m src/infrastructure/api/IDoctorApiService.spec.ts [2m([22m[2m6 tests[22m[2m)[22m[32m 12[2mms[22m[39m
 [32m✓[39m src/infrastructure/api/ITodoApiService.spec.ts [2m([22m[2m2 tests[22m[2m)[22m[32m 10[2mms[22m[39m
 [32m✓[39m src/test/mocks/react-router.spec.ts [2m([22m[2m8 tests[22m[2m)[22m[32m 13[2mms[22m[39m
 [32m✓[39m src/presentation/features/transactions/types/TransactionTypes.spec.ts [2m([22m[2m11 tests[22m[2m)[22m[32m 13[2mms[22m[39m
 [32m✓[39m src/infrastructure/api/IPatientApiService.spec.ts [2m([22m[2m3 tests[22m[2m)[22m[32m 11[2mms[22m[39m
 [32m✓[39m src/infrastructure/config/ConfigProvider.spec.ts [2m([22m[2m9 tests[22m[2m)[22m[32m 13[2mms[22m[39m
 [32m✓[39m src/infrastructure/api/IPrescriptionApiService.spec.ts [2m([22m[2m2 tests[22m[2m)[22m[32m 6[2mms[22m[39m
 [32m✓[39m src/presentation/features/dashboard/view-models/useDashboardViewModel.businessLogic.spec.ts [2m([22m[2m1 test[22m[2m)[22m[32m 7[2mms[22m[39m
 [32m✓[39m src/infrastructure/api/ITransactionApiService.spec.ts [2m([22m[2m2 tests[22m[2m)[22m[32m 9[2mms[22m[39m
 [32m✓[39m src/infrastructure/api/IUserApiService.spec.ts [2m([22m[2m2 tests[22m[2m)[22m[32m 6[2mms[22m[39m
 [2m[90m↓[39m[22m src/presentation/features/appointments/components/AddAppointmentForm.test.tsx [2m([22m[2m11 tests[22m[2m | [22m[33m11 skipped[39m[2m)[22m

[2m Test Files [22m [1m[32m85 passed[39m[22m[2m | [22m[33m1 skipped[39m[90m (86)[39m
[2m      Tests [22m [1m[32m877 passed[39m[22m[2m | [22m[33m18 skipped[39m[90m (895)[39m
[2m   Start at [22m 15:37:30
[2m   Duration [22m 80.34s[2m (transform 4.20s, setup 77.61s, collect 29.77s, tests 17.48s, environment 52.97s, prepare 10.33s)[22m

[34m % [39m[2mCoverage report from [22m[33mv8[39m
-------------------|---------|----------|---------|---------|-------------------
File               | % Stmts | % Branch | % Funcs | % Lines | Uncovered Line #s 
-------------------|---------|----------|---------|---------|-------------------
[31;1mAll files         [0m | [31;1m  25.17[0m | [32;1m   83.12[0m | [31;1m  46.62[0m | [31;1m  25.17[0m | [31;1m                 [0m 
[31;1m web              [0m | [31;1m      0[0m | [31;1m       0[0m | [31;1m      0[0m | [31;1m      0[0m | [31;1m                 [0m 
[31;1m  ...css.config.js[0m | [31;1m      0[0m | [31;1m       0[0m | [31;1m      0[0m | [31;1m      0[0m | [31;1m1-6              [0m 
[31;1m web/src          [0m | [31;1m      0[0m | [31;1m       0[0m | [31;1m      0[0m | [31;1m      0[0m | [31;1m                 [0m 
[31;1m  main.tsx        [0m | [31;1m      0[0m | [31;1m       0[0m | [31;1m      0[0m | [31;1m      0[0m | [31;1m1-33             [0m 
[31;1m web/src/app      [0m | [31;1m  25.54[0m | [32;1m     100[0m | [32;1m    100[0m | [31;1m  25.54[0m | [31;1m                 [0m 
[32;1m  app.tsx         [0m | [32;1m    100[0m | [32;1m     100[0m | [32;1m    100[0m | [32;1m    100[0m | [33;1m                 [0m 
[31;1m  nx-welcome.tsx  [0m | [31;1m      0[0m | [32;1m     100[0m | [32;1m    100[0m | [31;1m      0[0m | [31;1m8-848            [0m 
[31;1m ...astructure/api[0m | [31;1m   20.9[0m | [32;1m   97.33[0m | [31;1m  24.17[0m | [31;1m   20.9[0m | [31;1m                 [0m 
[32;1m  ...ApiService.ts[0m | [32;1m    100[0m | [32;1m     100[0m | [32;1m    100[0m | [32;1m    100[0m | [33;1m                 [0m 
[31;1m  ...Repository.ts[0m | [31;1m  17.91[0m | [32;1m     100[0m | [31;1m      0[0m | [31;1m  17.91[0m | [31;1m...62-164,167-169[0m 
[31;1m  ...Repository.ts[0m | [31;1m  18.08[0m | [32;1m     100[0m | [31;1m      0[0m | [31;1m  18.08[0m | [31;1m...22-124,132-143[0m 
[31;1m  ...Repository.ts[0m | [31;1m  19.51[0m | [32;1m     100[0m | [31;1m      0[0m | [31;1m  19.51[0m | [31;1m...94-100,106-114[0m 
[31;1m  ...ApiService.ts[0m | [31;1m    3.7[0m | [32;1m     100[0m | [31;1m      0[0m | [31;1m    3.7[0m | [31;1m12-223           [0m 
[32;1m  ...ApiService.ts[0m | [32;1m   97.5[0m | [32;1m   96.42[0m | [32;1m    100[0m | [32;1m   97.5[0m | [31;1m63-64            [0m 
[32;1m  ...andService.ts[0m | [32;1m    100[0m | [32;1m     100[0m | [32;1m    100[0m | [32;1m    100[0m | [33;1m                 [0m 
[31;1m  ...ApiService.ts[0m | [31;1m   3.18[0m | [32;1m     100[0m | [31;1m      0[0m | [31;1m   3.18[0m | [31;1m26-241           [0m 
  ...ApiService.ts |       0 |        0 |       0 |       0 | [31;1m                 [0m 
  ...ApiService.ts |       0 |        0 |       0 |       0 | [31;1m                 [0m 
  ...ApiService.ts |       0 |        0 |       0 |       0 | [31;1m                 [0m 
  ...ApiService.ts |       0 |        0 |       0 |       0 | [31;1m                 [0m 
  ...ApiService.ts |       0 |        0 |       0 |       0 | [31;1m                 [0m 
  ...ApiService.ts |       0 |        0 |       0 |       0 | [31;1m                 [0m 
  ...ApiService.ts |       0 |        0 |       0 |       0 | [31;1m                 [0m 
  ...ApiService.ts |       0 |        0 |       0 |       0 | [31;1m                 [0m 
[31;1m  ...ApiService.ts[0m | [31;1m  11.11[0m | [32;1m     100[0m | [31;1m      0[0m | [31;1m  11.11[0m | [31;1m...09-221,227-239[0m 
[31;1m  ...ApiService.ts[0m | [31;1m  13.33[0m | [32;1m     100[0m | [31;1m      0[0m | [31;1m  13.33[0m | [31;1m...55,58-79,82-91[0m 
[31;1m  ...ApiService.ts[0m | [31;1m   4.85[0m | [32;1m     100[0m | [31;1m      0[0m | [31;1m   4.85[0m | [31;1m9-139            [0m 
[31;1m  ...ApiService.ts[0m | [31;1m   4.46[0m | [32;1m     100[0m | [31;1m      0[0m | [31;1m   4.46[0m | [31;1m16-154           [0m 
[31;1m  ...ApiService.ts[0m | [31;1m   6.75[0m | [32;1m     100[0m | [31;1m      0[0m | [31;1m   6.75[0m | [31;1m27-144           [0m 
[31;1m  ...ApiService.ts[0m | [31;1m   6.02[0m | [32;1m     100[0m | [31;1m      0[0m | [31;1m   6.02[0m | [31;1m15-113           [0m 
[31;1m  ...ApiService.ts[0m | [31;1m  10.63[0m | [32;1m     100[0m | [31;1m      0[0m | [31;1m  10.63[0m | [31;1m15-69            [0m 
[31;1m  ...ApiService.ts[0m | [31;1m  19.04[0m | [32;1m     100[0m | [31;1m      0[0m | [31;1m  19.04[0m | [31;1m26-28,31-53,56-68[0m 
[31;1m  index.ts        [0m | [31;1m      0[0m | [31;1m       0[0m | [31;1m      0[0m | [31;1m      0[0m | [31;1m1-16             [0m 
[33;1m ...ure/api/config[0m | [33;1m  53.84[0m | [31;1m   33.33[0m | [33;1m     50[0m | [33;1m  53.84[0m | [31;1m                 [0m 
[33;1m  ApiConfig.ts    [0m | [33;1m  58.33[0m | [33;1m      50[0m | [32;1m    100[0m | [33;1m  58.33[0m | [31;1m21-25            [0m 
[31;1m  index.ts        [0m | [31;1m      0[0m | [31;1m       0[0m | [31;1m      0[0m | [31;1m      0[0m | [31;1m1                [0m 
[32;1m ...ure/api/errors[0m | [32;1m  98.03[0m | [32;1m   95.23[0m | [32;1m  88.88[0m | [32;1m  98.03[0m | [31;1m                 [0m 
[32;1m  ApiError.ts     [0m | [32;1m    100[0m | [32;1m     100[0m | [32;1m    100[0m | [32;1m    100[0m | [33;1m                 [0m 
[31;1m  index.ts        [0m | [31;1m      0[0m | [31;1m       0[0m | [31;1m      0[0m | [31;1m      0[0m | [31;1m1                [0m 
[31;1m ...structure/auth[0m | [31;1m  29.08[0m | [32;1m     100[0m | [31;1m      0[0m | [31;1m  29.08[0m | [31;1m                 [0m 
[32;1m  index.ts        [0m | [32;1m    100[0m | [32;1m     100[0m | [32;1m    100[0m | [32;1m    100[0m | [33;1m                 [0m 
[33;1m  rbac.ts         [0m | [33;1m  63.38[0m | [32;1m     100[0m | [31;1m      0[0m | [33;1m  63.38[0m | [31;1m...99-100,106-108[0m 
[31;1m  useRBAC.ts      [0m | [31;1m   8.13[0m | [32;1m     100[0m | [31;1m      0[0m | [31;1m   8.13[0m | [31;1m...94-160,166-175[0m 
[32;1m ...ructure/config[0m | [32;1m  87.71[0m | [33;1m   65.95[0m | [31;1m  43.75[0m | [32;1m  87.71[0m | [31;1m                 [0m 
  AppConfig.ts     |       0 |        0 |       0 |       0 | [31;1m                 [0m 
[33;1m  ...igProvider.ts[0m | [33;1m  71.18[0m | [33;1m   65.78[0m | [33;1m  71.42[0m | [33;1m  71.18[0m | [31;1m...66,170-174,205[0m 
[32;1m  ...mentConfig.ts[0m | [32;1m  98.84[0m | [33;1m    62.5[0m | [31;1m  19.23[0m | [32;1m  98.84[0m | [31;1m15,21            [0m 
[32;1m  index.ts        [0m | [32;1m    100[0m | [32;1m     100[0m | [32;1m    100[0m | [32;1m    100[0m | [33;1m                 [0m 
[32;1m ...rastructure/di[0m | [32;1m  91.62[0m | [31;1m   33.33[0m | [33;1m     50[0m | [32;1m  91.62[0m | [31;1m                 [0m 
[32;1m  container.ts    [0m | [32;1m  91.62[0m | [31;1m   33.33[0m | [33;1m     50[0m | [32;1m  91.62[0m | [31;1m113-114,131-146  [0m 
[31;1m ...structure/http[0m | [31;1m   18.4[0m | [32;1m     100[0m | [32;1m     80[0m | [31;1m   18.4[0m | [31;1m                 [0m 
[31;1m  ...HttpClient.ts[0m | [31;1m   4.31[0m | [32;1m     100[0m | [31;1m      0[0m | [31;1m   4.31[0m | [31;1m9-184            [0m 
[32;1m  ...entFactory.ts[0m | [32;1m    100[0m | [32;1m     100[0m | [32;1m    100[0m | [32;1m    100[0m | [33;1m                 [0m 
  IHttpClient.ts   |       0 |        0 |       0 |       0 | [31;1m                 [0m 
[32;1m  index.ts        [0m | [32;1m    100[0m | [32;1m     100[0m | [32;1m    100[0m | [32;1m    100[0m | [33;1m                 [0m 
[31;1m ...re/persistence[0m | [31;1m  29.78[0m | [32;1m     100[0m | [31;1m  16.66[0m | [31;1m  29.78[0m | [31;1m                 [0m 
[32;1m  TodoDB.ts       [0m | [32;1m    100[0m | [32;1m     100[0m | [32;1m    100[0m | [32;1m    100[0m | [33;1m                 [0m 
[31;1m  ...Repository.ts[0m | [31;1m  20.48[0m | [32;1m     100[0m | [31;1m      0[0m | [31;1m  20.48[0m | [31;1m...,88-96,102-109[0m 
[31;1m ...cture/services[0m | [31;1m  17.72[0m | [32;1m     100[0m | [31;1m   9.09[0m | [31;1m  17.72[0m | [31;1m                 [0m 
[31;1m  ...entService.ts[0m | [31;1m  11.57[0m | [32;1m     100[0m | [31;1m      0[0m | [31;1m  11.57[0m | [31;1m...06-147,153-162[0m 
[31;1m  ...andService.ts[0m | [31;1m  30.43[0m | [32;1m     100[0m | [31;1m      0[0m | [31;1m  30.43[0m | [31;1m13-15,19-33      [0m 
[33;1m  ...eryService.ts[0m | [33;1m  58.33[0m | [32;1m     100[0m | [31;1m      0[0m | [33;1m  58.33[0m | [31;1m12-14,17-18      [0m 
[31;1m  index.ts        [0m | [31;1m      0[0m | [32;1m     100[0m | [32;1m    100[0m | [31;1m      0[0m | [31;1m6-7              [0m 
[31;1m ...tructure/state[0m | [31;1m  19.63[0m | [32;1m    90.9[0m | [31;1m   18.8[0m | [31;1m  19.63[0m | [31;1m                 [0m 
[31;1m  ...tmentStore.ts[0m | [31;1m  16.28[0m | [32;1m     100[0m | [31;1m     25[0m | [31;1m  16.28[0m | [31;1m...65-283,291-305[0m 
[33;1m  AuthStore.ts    [0m | [33;1m  55.55[0m | [33;1m      75[0m | [31;1m  44.44[0m | [33;1m  55.55[0m | [31;1m...55-156,162-166[0m 
  ...eInterface.ts |       0 |        0 |       0 |       0 | [31;1m                 [0m 
[31;1m  DoctorStore.ts  [0m | [31;1m  26.12[0m | [32;1m     100[0m | [31;1m     10[0m | [31;1m  26.12[0m | [31;1m...27-128,131-132[0m 
  ...eInterface.ts |       0 |        0 |       0 |       0 | [31;1m                 [0m 
[31;1m  ...atoryStore.ts[0m | [31;1m   9.54[0m | [32;1m     100[0m | [31;1m      0[0m | [31;1m   9.54[0m | [31;1m...93-501,504-505[0m 
[31;1m  PatientStore.ts [0m | [31;1m  27.88[0m | [32;1m     100[0m | [31;1m  26.31[0m | [31;1m  27.88[0m | [31;1m...29-235,238-244[0m 
  ...eInterface.ts |       0 |        0 |       0 |       0 | [31;1m                 [0m 
[31;1m  ...ptionStore.ts[0m | [31;1m  12.23[0m | [32;1m     100[0m | [31;1m      0[0m | [31;1m  12.23[0m | [31;1m...63-366,369-375[0m 
  ...eInterface.ts |       0 |        0 |       0 |       0 | [31;1m                 [0m 
[31;1m  TodoStore.ts    [0m | [31;1m  21.17[0m | [32;1m     100[0m | [31;1m  14.28[0m | [31;1m  21.17[0m | [31;1m...76-279,282-288[0m 
  ...eInterface.ts |       0 |        0 |       0 |       0 | [31;1m                 [0m 
[31;1m  ...ctionStore.ts[0m | [31;1m  21.98[0m | [32;1m     100[0m | [31;1m      0[0m | [31;1m  21.98[0m | [31;1m...31-159,162-168[0m 
  ...eInterface.ts |       0 |        0 |       0 |       0 | [31;1m                 [0m 
[31;1m  UserStore.ts    [0m | [31;1m      0[0m | [31;1m       0[0m | [31;1m      0[0m | [31;1m      0[0m | [31;1m1-64             [0m 
[32;1m ...tructure/store[0m | [32;1m    100[0m | [32;1m     100[0m | [32;1m    100[0m | [32;1m    100[0m | [33;1m                 [0m 
[32;1m  TodoStore.ts    [0m | [32;1m    100[0m | [32;1m     100[0m | [32;1m    100[0m | [32;1m    100[0m | [33;1m                 [0m 
[32;1m ...tructure/utils[0m | [32;1m  82.28[0m | [32;1m   89.87[0m | [32;1m  91.66[0m | [32;1m  82.28[0m | [31;1m                 [0m 
[32;1m  ErrorMapping.ts [0m | [32;1m  82.28[0m | [32;1m   89.87[0m | [32;1m  91.66[0m | [32;1m  82.28[0m | [31;1m...81-282,287-291[0m 
[32;1m web/src/lib      [0m | [32;1m    100[0m | [32;1m     100[0m | [32;1m    100[0m | [32;1m    100[0m | [33;1m                 [0m 
[32;1m  mantine-theme.ts[0m | [32;1m    100[0m | [32;1m     100[0m | [32;1m    100[0m | [32;1m    100[0m | [33;1m                 [0m 
[32;1m  utils.ts        [0m | [32;1m    100[0m | [32;1m     100[0m | [32;1m    100[0m | [32;1m    100[0m | [33;1m                 [0m 
[32;1m ...ponents/common[0m | [32;1m    100[0m | [33;1m      50[0m | [32;1m    100[0m | [32;1m    100[0m | [33;1m                 [0m 
[32;1m  Icon.tsx        [0m | [32;1m    100[0m | [31;1m      40[0m | [32;1m    100[0m | [32;1m    100[0m | [33;1m32-34            [0m 
[32;1m  index.ts        [0m | [32;1m    100[0m | [32;1m     100[0m | [32;1m    100[0m | [32;1m    100[0m | [33;1m                 [0m 
  types.ts         |       0 |        0 |       0 |       0 | [31;1m                 [0m 
[31;1m ...ointmentsTable[0m | [31;1m   4.72[0m | [32;1m     100[0m | [31;1m      0[0m | [31;1m   4.72[0m | [31;1m                 [0m 
[31;1m  ...entsTable.tsx[0m | [31;1m   2.15[0m | [32;1m     100[0m | [31;1m      0[0m | [31;1m   2.15[0m | [31;1m43-258           [0m 
[31;1m  ...entsTable.tsx[0m | [31;1m   8.69[0m | [32;1m     100[0m | [31;1m      0[0m | [31;1m   8.69[0m | [31;1m11-33            [0m 
[31;1m  ...entsTable.tsx[0m | [31;1m   9.52[0m | [32;1m     100[0m | [31;1m      0[0m | [31;1m   9.52[0m | [31;1m10-30            [0m 
[32;1m  index.ts        [0m | [32;1m    100[0m | [32;1m     100[0m | [32;1m    100[0m | [32;1m    100[0m | [33;1m                 [0m 
[31;1m ...firmationModal[0m | [31;1m   3.64[0m | [32;1m     100[0m | [31;1m      0[0m | [31;1m   3.64[0m | [31;1m                 [0m 
[31;1m  ...tionModal.tsx[0m | [31;1m   2.94[0m | [32;1m     100[0m | [31;1m      0[0m | [31;1m   2.94[0m | [31;1m19-168           [0m 
[32;1m  index.ts        [0m | [32;1m    100[0m | [32;1m     100[0m | [32;1m    100[0m | [32;1m    100[0m | [33;1m                 [0m 
[31;1m ...hboardStatCard[0m | [31;1m   4.22[0m | [32;1m     100[0m | [31;1m      0[0m | [31;1m   4.22[0m | [31;1m                 [0m 
[31;1m  ...dStatCard.tsx[0m | [31;1m   2.85[0m | [32;1m     100[0m | [31;1m      0[0m | [31;1m   2.85[0m | [31;1m15-91            [0m 
[32;1m  index.ts        [0m | [32;1m    100[0m | [32;1m     100[0m | [32;1m    100[0m | [32;1m    100[0m | [33;1m                 [0m 
[31;1m ...mmon/DataTable[0m | [31;1m   2.13[0m | [32;1m     100[0m | [31;1m     25[0m | [31;1m   2.13[0m | [31;1m                 [0m 
[31;1m  DataTable.tsx   [0m | [31;1m   0.95[0m | [32;1m     100[0m | [31;1m      0[0m | [31;1m   0.95[0m | [31;1m7-495            [0m 
[31;1m  ...bleHeader.tsx[0m | [31;1m   6.81[0m | [32;1m     100[0m | [31;1m      0[0m | [31;1m   6.81[0m | [31;1m13-58            [0m 
[32;1m  index.ts        [0m | [32;1m    100[0m | [32;1m     100[0m | [32;1m    100[0m | [32;1m    100[0m | [33;1m                 [0m 
  types.ts         |       0 |        0 |       0 |       0 | [31;1m                 [0m 
[31;1m  ...ableHeight.ts[0m | [31;1m      4[0m | [32;1m     100[0m | [31;1m      0[0m | [31;1m      4[0m | [31;1m11-79            [0m 
[32;1m ...s/common/Modal[0m | [32;1m    100[0m | [33;1m      50[0m | [32;1m    100[0m | [32;1m    100[0m | [33;1m                 [0m 
[32;1m  Modal.tsx       [0m | [32;1m    100[0m | [31;1m   33.33[0m | [32;1m    100[0m | [32;1m    100[0m | [33;1m29-38            [0m 
[32;1m  index.ts        [0m | [32;1m    100[0m | [32;1m     100[0m | [32;1m    100[0m | [32;1m    100[0m | [33;1m                 [0m 
  types.ts         |       0 |        0 |       0 |       0 | [31;1m                 [0m 
[31;1m ...criptionsTable[0m | [31;1m   3.23[0m | [32;1m     100[0m | [31;1m      0[0m | [31;1m   3.23[0m | [31;1m                 [0m 
[31;1m  ...ionsTable.tsx[0m | [31;1m   1.77[0m | [32;1m     100[0m | [31;1m      0[0m | [31;1m   1.77[0m | [31;1m45-297           [0m 
[31;1m  ...ionsTable.tsx[0m | [31;1m     10[0m | [32;1m     100[0m | [31;1m      0[0m | [31;1m     10[0m | [31;1m10-29            [0m 
[32;1m  index.ts        [0m | [32;1m    100[0m | [32;1m     100[0m | [32;1m    100[0m | [32;1m    100[0m | [33;1m                 [0m 
[31;1m ...eActionButtons[0m | [31;1m   7.31[0m | [32;1m     100[0m | [31;1m      0[0m | [31;1m   7.31[0m | [31;1m                 [0m 
[31;1m  ...onButtons.tsx[0m | [31;1m      5[0m | [32;1m     100[0m | [31;1m      0[0m | [31;1m      5[0m | [31;1m15-56            [0m 
[32;1m  index.ts        [0m | [32;1m    100[0m | [32;1m     100[0m | [32;1m    100[0m | [32;1m    100[0m | [33;1m                 [0m 
[31;1m ...ponents/layout[0m | [31;1m   6.45[0m | [32;1m     100[0m | [31;1m      0[0m | [31;1m   6.45[0m | [31;1m                 [0m 
[31;1m  ...nicHeader.tsx[0m | [31;1m   5.71[0m | [32;1m     100[0m | [31;1m      0[0m | [31;1m   5.71[0m | [31;1m11-85            [0m 
[31;1m  ...nicLayout.tsx[0m | [31;1m  11.42[0m | [32;1m     100[0m | [31;1m      0[0m | [31;1m  11.42[0m | [31;1m12-50            [0m 
[31;1m  ...icSidebar.tsx[0m | [31;1m   8.04[0m | [32;1m     100[0m | [31;1m      0[0m | [31;1m   8.04[0m | [31;1m15-28,31-110     [0m 
[31;1m  UserDropdown.tsx[0m | [31;1m   3.14[0m | [32;1m     100[0m | [31;1m      0[0m | [31;1m   3.14[0m | [31;1m12-225           [0m 
[32;1m  index.ts        [0m | [32;1m    100[0m | [32;1m     100[0m | [32;1m    100[0m | [32;1m    100[0m | [33;1m                 [0m 
[32;1m ...nts/navigation[0m | [32;1m    100[0m | [32;1m     100[0m | [32;1m    100[0m | [32;1m    100[0m | [33;1m                 [0m 
[32;1m  Navigation.tsx  [0m | [32;1m    100[0m | [32;1m     100[0m | [32;1m    100[0m | [32;1m    100[0m | [33;1m                 [0m 
[32;1m  index.ts        [0m | [32;1m    100[0m | [32;1m     100[0m | [32;1m    100[0m | [32;1m    100[0m | [33;1m                 [0m 
[32;1m .../components/ui[0m | [32;1m  95.68[0m | [32;1m   86.66[0m | [32;1m  96.55[0m | [32;1m  95.68[0m | [31;1m                 [0m 
[32;1m  ...sSelector.tsx[0m | [32;1m  99.08[0m | [33;1m   68.75[0m | [32;1m    100[0m | [32;1m  99.08[0m | [31;1m52               [0m 
[31;1m  FormSelect.tsx  [0m | [31;1m    7.4[0m | [32;1m     100[0m | [31;1m      0[0m | [31;1m    7.4[0m | [31;1m36-65            [0m 
[32;1m  ...TextInput.tsx[0m | [32;1m    100[0m | [31;1m      25[0m | [32;1m    100[0m | [32;1m    100[0m | [33;1m43-46            [0m 
[32;1m  alert.tsx       [0m | [32;1m    100[0m | [32;1m     100[0m | [32;1m    100[0m | [32;1m    100[0m | [33;1m                 [0m 
[32;1m  ...e-variants.ts[0m | [32;1m    100[0m | [32;1m     100[0m | [32;1m    100[0m | [32;1m    100[0m | [33;1m                 [0m 
[32;1m  badge.tsx       [0m | [32;1m    100[0m | [32;1m     100[0m | [32;1m    100[0m | [32;1m    100[0m | [33;1m                 [0m 
[32;1m  ...n-variants.ts[0m | [32;1m    100[0m | [32;1m     100[0m | [32;1m    100[0m | [32;1m    100[0m | [33;1m                 [0m 
[32;1m  button.tsx      [0m | [32;1m    100[0m | [32;1m     100[0m | [32;1m    100[0m | [32;1m    100[0m | [33;1m                 [0m 
[32;1m  card.tsx        [0m | [32;1m    100[0m | [32;1m     100[0m | [32;1m    100[0m | [32;1m    100[0m | [33;1m                 [0m 
[32;1m  checkbox.tsx    [0m | [32;1m    100[0m | [32;1m     100[0m | [32;1m    100[0m | [32;1m    100[0m | [33;1m                 [0m 
[32;1m  form-hooks.ts   [0m | [32;1m    100[0m | [32;1m     100[0m | [32;1m    100[0m | [32;1m    100[0m | [33;1m                 [0m 
[32;1m  form.tsx        [0m | [32;1m    100[0m | [32;1m     100[0m | [32;1m    100[0m | [32;1m    100[0m | [33;1m                 [0m 
[32;1m  input.tsx       [0m | [32;1m    100[0m | [32;1m     100[0m | [32;1m    100[0m | [32;1m    100[0m | [33;1m                 [0m 
[32;1m  label.tsx       [0m | [32;1m    100[0m | [32;1m     100[0m | [32;1m    100[0m | [32;1m    100[0m | [33;1m                 [0m 
[32;1m  separator.tsx   [0m | [32;1m    100[0m | [32;1m     100[0m | [32;1m    100[0m | [32;1m    100[0m | [33;1m                 [0m 
[32;1m  tabs.tsx        [0m | [32;1m    100[0m | [32;1m     100[0m | [32;1m    100[0m | [32;1m    100[0m | [33;1m                 [0m 
[31;1m ...sentation/data[0m | [31;1m      0[0m | [32;1m     100[0m | [32;1m    100[0m | [31;1m      0[0m | [31;1m                 [0m 
[31;1m  mockPatients.ts [0m | [31;1m      0[0m | [32;1m     100[0m | [32;1m    100[0m | [31;1m      0[0m | [31;1m4-442            [0m 
[31;1m ...features/about[0m | [31;1m      0[0m | [31;1m       0[0m | [31;1m      0[0m | [31;1m      0[0m | [31;1m                 [0m 
[31;1m  index.ts        [0m | [31;1m      0[0m | [31;1m       0[0m | [31;1m      0[0m | [31;1m      0[0m | [31;1m1                [0m 
[32;1m ...es/about/pages[0m | [32;1m    100[0m | [32;1m     100[0m | [32;1m    100[0m | [32;1m    100[0m | [33;1m                 [0m 
[32;1m  AboutPage.tsx   [0m | [32;1m    100[0m | [32;1m     100[0m | [32;1m    100[0m | [32;1m    100[0m | [33;1m                 [0m 
[31;1m ...s/appointments[0m | [31;1m      0[0m | [33;1m      50[0m | [33;1m     50[0m | [31;1m      0[0m | [31;1m                 [0m 
[31;1m  index.ts        [0m | [31;1m      0[0m | [31;1m       0[0m | [31;1m      0[0m | [31;1m      0[0m | [31;1m1-9              [0m 
  types.ts         |       0 |        0 |       0 |       0 | [31;1m                 [0m 
[31;1m ...nts/components[0m | [31;1m   3.94[0m | [32;1m   93.75[0m | [33;1m  65.21[0m | [31;1m   3.94[0m | [31;1m                 [0m 
[33;1m  ...tmentForm.tsx[0m | [33;1m     50[0m | [32;1m     100[0m | [31;1m      0[0m | [33;1m     50[0m | [31;1m39-40            [0m 
[31;1m  ...Container.tsx[0m | [31;1m   8.39[0m | [32;1m     100[0m | [31;1m      0[0m | [31;1m   8.39[0m | [31;1m14-181           [0m 
[31;1m  ...Presenter.tsx[0m | [31;1m   6.58[0m | [32;1m     100[0m | [31;1m      0[0m | [31;1m   6.58[0m | [31;1m61-246           [0m 
[31;1m  ...mentModal.tsx[0m | [31;1m      0[0m | [32;1m     100[0m | [32;1m    100[0m | [31;1m      0[0m | [31;1m3-19             [0m 
[31;1m  ...Container.tsx[0m | [31;1m      0[0m | [32;1m     100[0m | [32;1m    100[0m | [31;1m      0[0m | [31;1m3-72             [0m 
[31;1m  ...Presenter.tsx[0m | [31;1m      0[0m | [32;1m     100[0m | [32;1m    100[0m | [31;1m      0[0m | [31;1m2-60             [0m 
[31;1m  ...mentBadge.tsx[0m | [31;1m      0[0m | [32;1m     100[0m | [32;1m    100[0m | [31;1m      0[0m | [31;1m2-26             [0m 
[31;1m  ...ntDisplay.tsx[0m | [31;1m      0[0m | [32;1m     100[0m | [32;1m    100[0m | [31;1m      0[0m | [31;1m2-22             [0m 
[31;1m  ...sCalendar.tsx[0m | [31;1m      0[0m | [32;1m     100[0m | [32;1m    100[0m | [31;1m      0[0m | [31;1m3-13             [0m 
[31;1m  ...Container.tsx[0m | [31;1m      0[0m | [32;1m     100[0m | [32;1m    100[0m | [31;1m      0[0m | [31;1m3-52             [0m 
[31;1m  ...Presenter.tsx[0m | [31;1m      0[0m | [32;1m     100[0m | [32;1m    100[0m | [31;1m      0[0m | [31;1m2-49             [0m 
[31;1m  ...rControls.tsx[0m | [31;1m      0[0m | [32;1m     100[0m | [32;1m    100[0m | [31;1m      0[0m | [31;1m2-91             [0m 
[31;1m  ...entsTable.tsx[0m | [31;1m      0[0m | [32;1m     100[0m | [32;1m    100[0m | [31;1m      0[0m | [31;1m2-45             [0m 
[31;1m  ...arDayCell.tsx[0m | [31;1m      0[0m | [32;1m     100[0m | [32;1m    100[0m | [31;1m      0[0m | [31;1m2-71             [0m 
[31;1m  ...aysHeader.tsx[0m | [31;1m      0[0m | [32;1m     100[0m | [32;1m    100[0m | [31;1m      0[0m | [31;1m2-28             [0m 
[31;1m  CalendarGrid.tsx[0m | [31;1m      0[0m | [32;1m     100[0m | [32;1m    100[0m | [31;1m      0[0m | [31;1m2-47             [0m 
[31;1m  ...darHeader.tsx[0m | [31;1m      0[0m | [32;1m     100[0m | [32;1m    100[0m | [31;1m      0[0m | [31;1m2-27             [0m 
[31;1m  ...avigation.tsx[0m | [31;1m      0[0m | [32;1m     100[0m | [32;1m    100[0m | [31;1m      0[0m | [31;1m2-47             [0m 
[31;1m  ...ntDisplay.tsx[0m | [31;1m  11.53[0m | [32;1m     100[0m | [31;1m      0[0m | [31;1m  11.53[0m | [31;1m10-38            [0m 
[31;1m  ...orMessage.tsx[0m | [31;1m  11.11[0m | [32;1m     100[0m | [31;1m      0[0m | [31;1m  11.11[0m | [31;1m8-18             [0m 
[31;1m  ...erDisplay.tsx[0m | [31;1m     20[0m | [32;1m     100[0m | [31;1m      0[0m | [31;1m     20[0m | [31;1m9-18             [0m 
[31;1m  ...OnlyField.tsx[0m | [31;1m    8.1[0m | [32;1m     100[0m | [31;1m      0[0m | [31;1m    8.1[0m | [31;1m14-50            [0m 
[31;1m  index.ts        [0m | [31;1m      0[0m | [31;1m       0[0m | [31;1m      0[0m | [31;1m      0[0m | [31;1m1-6              [0m 
[31;1m ...ntments/config[0m | [31;1m  30.38[0m | [32;1m     100[0m | [32;1m    100[0m | [31;1m  30.38[0m | [31;1m                 [0m 
[32;1m  ...FormConfig.ts[0m | [32;1m    100[0m | [32;1m     100[0m | [32;1m    100[0m | [32;1m    100[0m | [33;1m                 [0m 
[31;1m  ...ndarConfig.ts[0m | [31;1m      0[0m | [32;1m     100[0m | [32;1m    100[0m | [31;1m      0[0m | [31;1m5-161            [0m 
[31;1m ...intments/hooks[0m | [31;1m   23.5[0m | [33;1m   57.14[0m | [31;1m     25[0m | [31;1m   23.5[0m | [31;1m                 [0m 
[31;1m  ...entActions.ts[0m | [31;1m  33.33[0m | [33;1m      75[0m | [31;1m  33.33[0m | [31;1m  33.33[0m | [31;1m...38,50-69,74-91[0m 
[33;1m  ...entFilters.ts[0m | [33;1m  69.69[0m | [33;1m      75[0m | [33;1m     50[0m | [33;1m  69.69[0m | [31;1m10-16,19-20,24   [0m 
[31;1m  ...ntFormData.ts[0m | [31;1m     14[0m | [32;1m     100[0m | [31;1m      0[0m | [31;1m     14[0m | [31;1m12-66            [0m 
[31;1m  ...tFormState.ts[0m | [31;1m     10[0m | [32;1m     100[0m | [31;1m      0[0m | [31;1m     10[0m | [31;1m20-39            [0m 
[31;1m  ...dalActions.ts[0m | [31;1m      0[0m | [31;1m       0[0m | [31;1m      0[0m | [31;1m      0[0m | [31;1m1-53             [0m 
[31;1m  ...ModalState.ts[0m | [31;1m      0[0m | [31;1m       0[0m | [31;1m      0[0m | [31;1m      0[0m | [31;1m1-30             [0m 
[31;1m  ...lendarData.ts[0m | [31;1m      0[0m | [31;1m       0[0m | [31;1m      0[0m | [31;1m      0[0m | [31;1m1-68             [0m 
[31;1m  ...Navigation.ts[0m | [31;1m      0[0m | [31;1m       0[0m | [31;1m      0[0m | [31;1m      0[0m | [31;1m1-40             [0m 
[31;1m  ...Assignment.ts[0m | [31;1m   6.66[0m | [32;1m     100[0m | [31;1m      0[0m | [31;1m   6.66[0m | [31;1m8-60             [0m 
[33;1m  useModalState.ts[0m | [33;1m   75.6[0m | [32;1m     100[0m | [31;1m  33.33[0m | [33;1m   75.6[0m | [31;1m26-29,32-35,45-46[0m 
[31;1m  ...Management.ts[0m | [31;1m  11.11[0m | [32;1m     100[0m | [31;1m      0[0m | [31;1m  11.11[0m | [31;1m8-35             [0m 
[32;1m ...intments/pages[0m | [32;1m  93.52[0m | [32;1m     100[0m | [31;1m  42.85[0m | [32;1m  93.52[0m | [31;1m                 [0m 
[32;1m  ...mentsPage.tsx[0m | [32;1m    100[0m | [32;1m     100[0m | [32;1m    100[0m | [32;1m    100[0m | [33;1m                 [0m 
[32;1m  ...Container.tsx[0m | [32;1m  85.48[0m | [32;1m     100[0m | [31;1m     20[0m | [32;1m  85.48[0m | [31;1m...34,37-38,41-43[0m 
[32;1m  ...Presenter.tsx[0m | [32;1m    100[0m | [32;1m     100[0m | [32;1m    100[0m | [32;1m    100[0m | [33;1m                 [0m 
[31;1m ...ments/services[0m | [31;1m   4.57[0m | [33;1m      50[0m | [31;1m     25[0m | [31;1m   4.57[0m | [31;1m                 [0m 
[31;1m  ...entService.ts[0m | [31;1m   5.83[0m | [32;1m     100[0m | [31;1m      0[0m | [31;1m   5.83[0m | [31;1m12-186,192-193   [0m 
[31;1m  ManualTest.ts   [0m | [31;1m      0[0m | [32;1m     100[0m | [32;1m    100[0m | [31;1m      0[0m | [31;1m7-101            [0m 
[31;1m  index.ts        [0m | [31;1m      0[0m | [31;1m       0[0m | [31;1m      0[0m | [31;1m      0[0m | [31;1m1                [0m 
[31;1m ...intments/utils[0m | [31;1m  12.95[0m | [33;1m   63.63[0m | [31;1m  38.46[0m | [31;1m  12.95[0m | [31;1m                 [0m 
[31;1m  ...mentMapper.ts[0m | [31;1m      0[0m | [32;1m     100[0m | [32;1m    100[0m | [31;1m      0[0m | [31;1m7-43             [0m 
[31;1m  ...tFormUtils.ts[0m | [31;1m   7.75[0m | [32;1m     100[0m | [31;1m      0[0m | [31;1m   7.75[0m | [31;1m...54-171,180-187[0m 
[33;1m  ...tmentUtils.ts[0m | [33;1m  71.87[0m | [33;1m   55.55[0m | [32;1m    100[0m | [33;1m  71.87[0m | [31;1m20-21,26-33      [0m 
[31;1m  calendarUtils.ts[0m | [31;1m      0[0m | [32;1m     100[0m | [32;1m    100[0m | [31;1m      0[0m | [31;1m2-149            [0m 
[31;1m ...ts/view-models[0m | [31;1m      0[0m | [31;1m      25[0m | [31;1m     25[0m | [31;1m      0[0m | [31;1m                 [0m 
[31;1m  index.ts        [0m | [31;1m      0[0m | [32;1m     100[0m | [32;1m    100[0m | [31;1m      0[0m | [31;1m2-7              [0m 
[31;1m  ...mViewModel.ts[0m | [31;1m      0[0m | [31;1m       0[0m | [31;1m      0[0m | [31;1m      0[0m | [31;1m1-124            [0m 
[31;1m  ...tViewModel.ts[0m | [31;1m      0[0m | [31;1m       0[0m | [31;1m      0[0m | [31;1m      0[0m | [31;1m1-99             [0m 
[31;1m  ...eViewModel.ts[0m | [31;1m      0[0m | [31;1m       0[0m | [31;1m      0[0m | [31;1m      0[0m | [31;1m1-81             [0m 
 ...els/interfaces |       0 |        0 |       0 |       0 | [31;1m                 [0m 
  ...ViewModels.ts |       0 |        0 |       0 |       0 | [31;1m                 [0m 
[32;1m .../features/auth[0m | [32;1m    100[0m | [32;1m     100[0m | [32;1m    100[0m | [32;1m    100[0m | [33;1m                 [0m 
[32;1m  index.ts        [0m | [32;1m    100[0m | [32;1m     100[0m | [32;1m    100[0m | [32;1m    100[0m | [33;1m                 [0m 
[33;1m ...uth/components[0m | [33;1m  66.66[0m | [32;1m   95.83[0m | [33;1m  66.66[0m | [33;1m  66.66[0m | [31;1m                 [0m 
[32;1m  AuthGuard.tsx   [0m | [32;1m    100[0m | [32;1m   93.75[0m | [32;1m    100[0m | [32;1m    100[0m | [33;1m48               [0m 
[32;1m  LogoutButton.tsx[0m | [32;1m    100[0m | [32;1m     100[0m | [32;1m    100[0m | [32;1m    100[0m | [33;1m                 [0m 
[31;1m  RoleGuard.tsx   [0m | [31;1m  10.63[0m | [32;1m     100[0m | [31;1m      0[0m | [31;1m  10.63[0m | [31;1m24-79            [0m 
[32;1m ...th/view-models[0m | [32;1m  86.66[0m | [32;1m     100[0m | [32;1m    100[0m | [32;1m  86.66[0m | [31;1m                 [0m 
[32;1m  ...tViewModel.ts[0m | [32;1m  86.66[0m | [32;1m     100[0m | [32;1m    100[0m | [32;1m  86.66[0m | [31;1m29-33            [0m 
[31;1m ...ures/dashboard[0m | [31;1m      0[0m | [31;1m       0[0m | [31;1m      0[0m | [31;1m      0[0m | [31;1m                 [0m 
[31;1m  index.ts        [0m | [31;1m      0[0m | [31;1m       0[0m | [31;1m      0[0m | [31;1m      0[0m | [31;1m1-2              [0m 
[31;1m ...shboard/config[0m | [31;1m      0[0m | [32;1m     100[0m | [32;1m    100[0m | [31;1m      0[0m | [31;1m                 [0m 
[31;1m  ...ardConfig.tsx[0m | [31;1m      0[0m | [32;1m     100[0m | [32;1m    100[0m | [31;1m      0[0m | [31;1m2-51             [0m 
[31;1m ...ashboard/hooks[0m | [31;1m      0[0m | [31;1m       0[0m | [31;1m      0[0m | [31;1m      0[0m | [31;1m                 [0m 
[31;1m  ...hboardData.ts[0m | [31;1m      0[0m | [31;1m       0[0m | [31;1m      0[0m | [31;1m      0[0m | [31;1m1-23             [0m 
[31;1m  ...Navigation.ts[0m | [31;1m      0[0m | [31;1m       0[0m | [31;1m      0[0m | [31;1m      0[0m | [31;1m1-13             [0m 
[31;1m ...ashboard/pages[0m | [31;1m      0[0m | [32;1m     100[0m | [32;1m    100[0m | [31;1m      0[0m | [31;1m                 [0m 
[31;1m  ...boardPage.tsx[0m | [31;1m      0[0m | [32;1m     100[0m | [32;1m    100[0m | [31;1m      0[0m | [31;1m2-6              [0m 
[31;1m  ...Container.tsx[0m | [31;1m      0[0m | [32;1m     100[0m | [32;1m    100[0m | [31;1m      0[0m | [31;1m2-19             [0m 
[31;1m  ...Presenter.tsx[0m | [31;1m      0[0m | [32;1m     100[0m | [32;1m    100[0m | [31;1m      0[0m | [31;1m2-64             [0m 
[31;1m ...ashboard/utils[0m | [31;1m      0[0m | [32;1m     100[0m | [32;1m    100[0m | [31;1m      0[0m | [31;1m                 [0m 
[31;1m  ...oardStyles.ts[0m | [31;1m      0[0m | [32;1m     100[0m | [32;1m    100[0m | [31;1m      0[0m | [31;1m3-42             [0m 
[31;1m ...rd/view-models[0m | [31;1m      0[0m | [31;1m       0[0m | [31;1m      0[0m | [31;1m      0[0m | [31;1m                 [0m 
[31;1m  index.ts        [0m | [31;1m      0[0m | [31;1m       0[0m | [31;1m      0[0m | [31;1m      0[0m | [31;1m1                [0m 
[31;1m  ...dViewModel.ts[0m | [31;1m      0[0m | [31;1m       0[0m | [31;1m      0[0m | [31;1m      0[0m | [31;1m1-181            [0m 
[31;1m ...features/login[0m | [31;1m      0[0m | [32;1m     100[0m | [32;1m    100[0m | [31;1m      0[0m | [31;1m                 [0m 
[31;1m  index.ts        [0m | [31;1m      0[0m | [32;1m     100[0m | [32;1m    100[0m | [31;1m      0[0m | [31;1m7-14             [0m 
[32;1m ...gin/components[0m | [32;1m  99.18[0m | [32;1m     100[0m | [32;1m  86.66[0m | [32;1m  99.18[0m | [31;1m                 [0m 
[32;1m  ClinicLogo.tsx  [0m | [32;1m    100[0m | [32;1m     100[0m | [32;1m    100[0m | [32;1m    100[0m | [33;1m                 [0m 
[32;1m  ...swordLink.tsx[0m | [32;1m   87.5[0m | [32;1m     100[0m | [33;1m     50[0m | [32;1m   87.5[0m | [31;1m7-8              [0m 
[32;1m  ...orMessage.tsx[0m | [32;1m    100[0m | [32;1m     100[0m | [32;1m    100[0m | [32;1m    100[0m | [33;1m                 [0m 
[32;1m  LoginForm.tsx   [0m | [32;1m    100[0m | [32;1m     100[0m | [32;1m    100[0m | [32;1m    100[0m | [33;1m                 [0m 
[32;1m  ...Container.tsx[0m | [32;1m    100[0m | [32;1m     100[0m | [32;1m    100[0m | [32;1m    100[0m | [33;1m                 [0m 
[32;1m  ...Container.tsx[0m | [32;1m    100[0m | [32;1m     100[0m | [32;1m    100[0m | [32;1m    100[0m | [33;1m                 [0m 
[32;1m  ...ormFields.tsx[0m | [32;1m    100[0m | [32;1m     100[0m | [33;1m     75[0m | [32;1m    100[0m | [33;1m                 [0m 
[32;1m  ...Presenter.tsx[0m | [32;1m    100[0m | [32;1m     100[0m | [32;1m    100[0m | [32;1m    100[0m | [33;1m                 [0m 
[32;1m  ...ageLayout.tsx[0m | [32;1m    100[0m | [32;1m     100[0m | [32;1m    100[0m | [32;1m    100[0m | [33;1m                 [0m 
[32;1m  ...mitButton.tsx[0m | [32;1m    100[0m | [32;1m     100[0m | [32;1m    100[0m | [32;1m    100[0m | [33;1m                 [0m 
[32;1m  LoginTitle.tsx  [0m | [32;1m    100[0m | [32;1m     100[0m | [32;1m    100[0m | [32;1m    100[0m | [33;1m                 [0m 
[31;1m ...s/login/config[0m | [31;1m   12.5[0m | [32;1m     100[0m | [32;1m    100[0m | [31;1m   12.5[0m | [31;1m                 [0m 
[31;1m  ...ormConfig.tsx[0m | [31;1m      0[0m | [32;1m     100[0m | [32;1m    100[0m | [31;1m      0[0m | [31;1m2-44             [0m 
[32;1m  ...PageConfig.ts[0m | [32;1m    100[0m | [32;1m     100[0m | [32;1m    100[0m | [32;1m    100[0m | [33;1m                 [0m 
[32;1m ...es/login/hooks[0m | [32;1m  98.38[0m | [33;1m   66.66[0m | [32;1m    100[0m | [32;1m  98.38[0m | [31;1m                 [0m 
[32;1m  ...ormActions.ts[0m | [32;1m    100[0m | [32;1m     100[0m | [32;1m    100[0m | [32;1m    100[0m | [33;1m                 [0m 
[32;1m  ...nFormState.ts[0m | [32;1m  97.29[0m | [31;1m    37.5[0m | [32;1m    100[0m | [32;1m  97.29[0m | [31;1m41               [0m 
[32;1m ...es/login/pages[0m | [32;1m    100[0m | [32;1m     100[0m | [32;1m    100[0m | [32;1m    100[0m | [33;1m                 [0m 
[32;1m  LoginPage.tsx   [0m | [32;1m    100[0m | [32;1m     100[0m | [32;1m    100[0m | [32;1m    100[0m | [33;1m                 [0m 
[32;1m  ...Container.tsx[0m | [32;1m    100[0m | [32;1m     100[0m | [32;1m    100[0m | [32;1m    100[0m | [33;1m                 [0m 
[32;1m  ...Presenter.tsx[0m | [32;1m    100[0m | [32;1m     100[0m | [32;1m    100[0m | [32;1m    100[0m | [33;1m                 [0m 
 ...es/login/types |       0 |        0 |       0 |       0 | [31;1m                 [0m 
  LoginTypes.ts    |       0 |        0 |       0 |       0 | [31;1m                 [0m 
  index.ts         |       0 |        0 |       0 |       0 | [31;1m                 [0m 
[31;1m ...es/login/utils[0m | [31;1m      0[0m | [32;1m     100[0m | [32;1m    100[0m | [31;1m      0[0m | [31;1m                 [0m 
[31;1m  ...nFormUtils.ts[0m | [31;1m      0[0m | [32;1m     100[0m | [32;1m    100[0m | [31;1m      0[0m | [31;1m3-27             [0m 
[33;1m ...in/view-models[0m | [33;1m     50[0m | [32;1m   85.71[0m | [33;1m     50[0m | [33;1m     50[0m | [31;1m                 [0m 
[32;1m  ...mViewModel.ts[0m | [32;1m  94.28[0m | [32;1m     100[0m | [32;1m    100[0m | [32;1m  94.28[0m | [31;1m27,40            [0m 
[31;1m  ...nViewModel.ts[0m | [31;1m      0[0m | [31;1m       0[0m | [31;1m      0[0m | [31;1m      0[0m | [31;1m1-54             [0m 
 ...els/interfaces |       0 |        0 |       0 |       0 | [31;1m                 [0m 
  ...nViewModel.ts |       0 |        0 |       0 |       0 | [31;1m                 [0m 
[31;1m ...edical-records[0m | [31;1m      0[0m | [33;1m      50[0m | [33;1m     50[0m | [31;1m      0[0m | [31;1m                 [0m 
[31;1m  index.ts        [0m | [31;1m      0[0m | [31;1m       0[0m | [31;1m      0[0m | [31;1m      0[0m | [31;1m1-13             [0m 
  types.ts         |       0 |        0 |       0 |       0 | [31;1m                 [0m 
[31;1m ...rds/components[0m | [31;1m      0[0m | [32;1m   95.91[0m | [32;1m  95.91[0m | [31;1m      0[0m | [31;1m                 [0m 
[31;1m  ...bTestForm.tsx[0m | [31;1m      0[0m | [32;1m     100[0m | [32;1m    100[0m | [31;1m      0[0m | [31;1m2-12             [0m 
[31;1m  ...Container.tsx[0m | [31;1m      0[0m | [32;1m     100[0m | [32;1m    100[0m | [31;1m      0[0m | [31;1m2-47             [0m 
[31;1m  ...Presenter.tsx[0m | [31;1m      0[0m | [32;1m     100[0m | [32;1m    100[0m | [31;1m      0[0m | [31;1m2-98             [0m 
[31;1m  ...esultForm.tsx[0m | [31;1m      0[0m | [32;1m     100[0m | [32;1m    100[0m | [31;1m      0[0m | [31;1m2-34             [0m 
[31;1m  ...Container.tsx[0m | [31;1m      0[0m | [32;1m     100[0m | [32;1m    100[0m | [31;1m      0[0m | [31;1m2-73             [0m 
[31;1m  ...Presenter.tsx[0m | [31;1m      0[0m | [32;1m     100[0m | [32;1m    100[0m | [31;1m      0[0m | [31;1m2-91             [0m 
[31;1m  ...ptionForm.tsx[0m | [31;1m      0[0m | [32;1m     100[0m | [32;1m    100[0m | [31;1m      0[0m | [31;1m2-27             [0m 
[31;1m  ...Container.tsx[0m | [31;1m      0[0m | [31;1m       0[0m | [31;1m      0[0m | [31;1m      0[0m | [31;1m1-88             [0m 
[31;1m  ...Presenter.tsx[0m | [31;1m      0[0m | [32;1m     100[0m | [32;1m    100[0m | [31;1m      0[0m | [31;1m2-196            [0m 
[31;1m  ...tionModal.tsx[0m | [31;1m      0[0m | [32;1m     100[0m | [32;1m    100[0m | [31;1m      0[0m | [31;1m2-17             [0m 
[31;1m  ...Container.tsx[0m | [31;1m      0[0m | [32;1m     100[0m | [32;1m    100[0m | [31;1m      0[0m | [31;1m4-79             [0m 
[31;1m  ...Presenter.tsx[0m | [31;1m      0[0m | [32;1m     100[0m | [32;1m    100[0m | [31;1m      0[0m | [31;1m2-56             [0m 
[31;1m  BackButton.tsx  [0m | [31;1m      0[0m | [32;1m     100[0m | [32;1m    100[0m | [31;1m      0[0m | [31;1m2-27             [0m 
[31;1m  ...sQuickAdd.tsx[0m | [31;1m      0[0m | [32;1m     100[0m | [32;1m    100[0m | [31;1m      0[0m | [31;1m2-34             [0m 
[31;1m  ...tionModal.tsx[0m | [31;1m      0[0m | [32;1m     100[0m | [32;1m    100[0m | [31;1m      0[0m | [31;1m2-105            [0m 
[31;1m  ErrorDisplay.tsx[0m | [31;1m      0[0m | [32;1m     100[0m | [32;1m    100[0m | [31;1m      0[0m | [31;1m2-24             [0m 
[31;1m  ...onButtons.tsx[0m | [31;1m      0[0m | [32;1m     100[0m | [32;1m    100[0m | [31;1m      0[0m | [31;1m2-55             [0m 
[31;1m  ...ormHeader.tsx[0m | [31;1m      0[0m | [32;1m     100[0m | [32;1m    100[0m | [31;1m      0[0m | [31;1m2-45             [0m 
[31;1m  ...mitButton.tsx[0m | [31;1m      0[0m | [32;1m     100[0m | [32;1m    100[0m | [31;1m      0[0m | [31;1m2-36             [0m 
[31;1m  ...ormHeader.tsx[0m | [31;1m      0[0m | [32;1m     100[0m | [32;1m    100[0m | [31;1m      0[0m | [31;1m2-69             [0m 
[31;1m  ...tRenderer.tsx[0m | [31;1m      0[0m | [32;1m     100[0m | [32;1m    100[0m | [31;1m      0[0m | [31;1m2-56             [0m 
[31;1m  LabTestField.tsx[0m | [31;1m      0[0m | [32;1m     100[0m | [32;1m    100[0m | [31;1m      0[0m | [31;1m2-48             [0m 
[31;1m  ...ieldsGrid.tsx[0m | [31;1m      0[0m | [32;1m     100[0m | [32;1m    100[0m | [31;1m      0[0m | [31;1m2-101            [0m 
[31;1m  ...ageHeader.tsx[0m | [31;1m      0[0m | [32;1m     100[0m | [32;1m    100[0m | [31;1m      0[0m | [31;1m2-42             [0m 
[31;1m  ...atusBadge.tsx[0m | [31;1m      0[0m | [32;1m     100[0m | [32;1m    100[0m | [31;1m      0[0m | [31;1m2-57             [0m 
[31;1m  ...stsModals.tsx[0m | [31;1m      0[0m | [32;1m     100[0m | [32;1m    100[0m | [31;1m      0[0m | [31;1m2-50             [0m 
[31;1m  ...ageHeader.tsx[0m | [31;1m      0[0m | [32;1m     100[0m | [32;1m    100[0m | [31;1m      0[0m | [31;1m2-73             [0m 
[31;1m  ...estsTable.tsx[0m | [31;1m      0[0m | [32;1m     100[0m | [32;1m    100[0m | [31;1m      0[0m | [31;1m2-17             [0m 
[31;1m  ...Container.tsx[0m | [31;1m      0[0m | [32;1m     100[0m | [32;1m    100[0m | [31;1m      0[0m | [31;1m2-17             [0m 
[31;1m  ...Presenter.tsx[0m | [31;1m      0[0m | [32;1m     100[0m | [32;1m    100[0m | [31;1m      0[0m | [31;1m2-46             [0m 
[31;1m  ...ationCard.tsx[0m | [31;1m      0[0m | [32;1m     100[0m | [32;1m    100[0m | [31;1m      0[0m | [31;1m2-54             [0m 
[31;1m  ...cationRow.tsx[0m | [31;1m      0[0m | [32;1m     100[0m | [32;1m    100[0m | [31;1m      0[0m | [31;1m2-131            [0m 
[31;1m  ...nsSection.tsx[0m | [31;1m      0[0m | [32;1m     100[0m | [32;1m    100[0m | [31;1m      0[0m | [31;1m2-40             [0m 
[31;1m  PageHeader.tsx  [0m | [31;1m      0[0m | [32;1m     100[0m | [32;1m    100[0m | [31;1m      0[0m | [31;1m2-36             [0m 
[31;1m  PageTitle.tsx   [0m | [31;1m      0[0m | [32;1m     100[0m | [32;1m    100[0m | [31;1m      0[0m | [31;1m2-21             [0m 
[31;1m  ...foDisplay.tsx[0m | [31;1m      0[0m | [32;1m     100[0m | [32;1m    100[0m | [31;1m      0[0m | [31;1m2-20             [0m 
[31;1m  ...foSection.tsx[0m | [31;1m      0[0m | [32;1m     100[0m | [32;1m    100[0m | [31;1m      0[0m | [31;1m2-82             [0m 
[31;1m  ...onSection.tsx[0m | [31;1m      0[0m | [32;1m     100[0m | [32;1m    100[0m | [31;1m      0[0m | [31;1m2-102            [0m 
[31;1m  ...ionHeader.tsx[0m | [31;1m      0[0m | [32;1m     100[0m | [32;1m    100[0m | [31;1m      0[0m | [31;1m2-47             [0m 
[31;1m  ...esSection.tsx[0m | [31;1m      0[0m | [32;1m     100[0m | [32;1m    100[0m | [31;1m      0[0m | [31;1m2-32             [0m 
[31;1m  ...reSection.tsx[0m | [31;1m      0[0m | [32;1m     100[0m | [32;1m    100[0m | [31;1m      0[0m | [31;1m2-42             [0m 
[31;1m  ...oryColumn.tsx[0m | [31;1m      0[0m | [32;1m     100[0m | [32;1m    100[0m | [31;1m      0[0m | [31;1m2-44             [0m 
[31;1m  ...ctionGrid.tsx[0m | [31;1m      0[0m | [32;1m     100[0m | [32;1m    100[0m | [31;1m      0[0m | [31;1m2-85             [0m 
[31;1m  ...atusBadge.tsx[0m | [31;1m      0[0m | [32;1m     100[0m | [32;1m    100[0m | [31;1m      0[0m | [31;1m2-75             [0m 
[31;1m  ...ceDisplay.tsx[0m | [31;1m      0[0m | [32;1m     100[0m | [32;1m    100[0m | [31;1m      0[0m | [31;1m2-23             [0m 
[31;1m  ...tionModal.tsx[0m | [31;1m      0[0m | [32;1m     100[0m | [32;1m    100[0m | [31;1m      0[0m | [31;1m2-13             [0m 
[31;1m  ...Container.tsx[0m | [31;1m      0[0m | [32;1m     100[0m | [32;1m    100[0m | [31;1m      0[0m | [31;1m3-31             [0m 
[31;1m  ...Presenter.tsx[0m | [31;1m      0[0m | [32;1m     100[0m | [32;1m    100[0m | [31;1m      0[0m | [31;1m2-49             [0m 
[31;1m  index.ts        [0m | [31;1m      0[0m | [31;1m       0[0m | [31;1m      0[0m | [31;1m      0[0m | [31;1m1-15             [0m 
[31;1m ...nalysis-report[0m | [31;1m      0[0m | [32;1m   88.88[0m | [32;1m  88.88[0m | [31;1m      0[0m | [31;1m                 [0m 
[31;1m  ReportField.tsx [0m | [31;1m      0[0m | [32;1m     100[0m | [32;1m    100[0m | [31;1m      0[0m | [31;1m2-56             [0m 
[31;1m  ...picFields.tsx[0m | [31;1m      0[0m | [32;1m     100[0m | [32;1m    100[0m | [31;1m      0[0m | [31;1m2-104            [0m 
[31;1m  ...tientInfo.tsx[0m | [31;1m      0[0m | [32;1m     100[0m | [32;1m    100[0m | [31;1m      0[0m | [31;1m2-53             [0m 
[31;1m  ...roperties.tsx[0m | [31;1m      0[0m | [32;1m     100[0m | [32;1m    100[0m | [31;1m      0[0m | [31;1m2-70             [0m 
[31;1m  ...ortHeader.tsx[0m | [31;1m      0[0m | [32;1m     100[0m | [32;1m    100[0m | [31;1m      0[0m | [31;1m2-39             [0m 
[31;1m  ...eportView.tsx[0m | [31;1m      0[0m | [32;1m     100[0m | [32;1m    100[0m | [31;1m      0[0m | [31;1m2-20             [0m 
[31;1m  ...Container.tsx[0m | [31;1m      0[0m | [31;1m       0[0m | [31;1m      0[0m | [31;1m      0[0m | [31;1m1-34             [0m 
[31;1m  ...Presenter.tsx[0m | [31;1m      0[0m | [32;1m     100[0m | [32;1m    100[0m | [31;1m      0[0m | [31;1m2-72             [0m 
[31;1m  ...ignatures.tsx[0m | [31;1m      0[0m | [32;1m     100[0m | [32;1m    100[0m | [31;1m      0[0m | [31;1m2-29             [0m 
[31;1m ...records/config[0m | [31;1m      0[0m | [31;1m   45.45[0m | [31;1m  45.45[0m | [31;1m      0[0m | [31;1m                 [0m 
[31;1m  ...FormConfig.ts[0m | [31;1m      0[0m | [31;1m       0[0m | [31;1m      0[0m | [31;1m      0[0m | [31;1m1-24             [0m 
[31;1m  ...PageConfig.ts[0m | [31;1m      0[0m | [31;1m       0[0m | [31;1m      0[0m | [31;1m      0[0m | [31;1m1-6              [0m 
[31;1m  ...FormConfig.ts[0m | [31;1m      0[0m | [31;1m       0[0m | [31;1m      0[0m | [31;1m      0[0m | [31;1m1-25             [0m 
[31;1m  ...PageConfig.ts[0m | [31;1m      0[0m | [31;1m       0[0m | [31;1m      0[0m | [31;1m      0[0m | [31;1m1-6              [0m 
[31;1m  ...PageConfig.ts[0m | [31;1m      0[0m | [31;1m       0[0m | [31;1m      0[0m | [31;1m      0[0m | [31;1m1-7              [0m 
[31;1m  ...bleConfig.tsx[0m | [31;1m      0[0m | [32;1m     100[0m | [32;1m    100[0m | [31;1m      0[0m | [31;1m4-41             [0m 
[31;1m  ...bleConfig.tsx[0m | [31;1m      0[0m | [32;1m     100[0m | [32;1m    100[0m | [31;1m      0[0m | [31;1m3-85             [0m 
[31;1m  ...tionConfig.ts[0m | [31;1m      0[0m | [32;1m     100[0m | [32;1m    100[0m | [31;1m      0[0m | [31;1m2-33             [0m 
[31;1m  ...bleConfig.tsx[0m | [31;1m      0[0m | [32;1m     100[0m | [32;1m    100[0m | [31;1m      0[0m | [31;1m6-73             [0m 
[31;1m  ...portConfig.ts[0m | [31;1m      0[0m | [31;1m       0[0m | [31;1m      0[0m | [31;1m      0[0m | [31;1m1-53             [0m 
[31;1m  ...sultConfig.ts[0m | [31;1m      0[0m | [32;1m     100[0m | [32;1m    100[0m | [31;1m      0[0m | [31;1m3-29             [0m 
[31;1m ...ords/constants[0m | [31;1m      0[0m | [32;1m     100[0m | [32;1m    100[0m | [31;1m      0[0m | [31;1m                 [0m 
[31;1m  ...tConstants.ts[0m | [31;1m      0[0m | [32;1m     100[0m | [32;1m    100[0m | [31;1m      0[0m | [31;1m9-98             [0m 
[31;1m  ...FormConfig.ts[0m | [31;1m      0[0m | [32;1m     100[0m | [32;1m    100[0m | [31;1m      0[0m | [31;1m2-202            [0m 
[31;1m ...-records/hooks[0m | [31;1m      0[0m | [31;1m   11.76[0m | [31;1m  11.76[0m | [31;1m      0[0m | [31;1m                 [0m 
[31;1m  index.ts        [0m | [31;1m      0[0m | [31;1m       0[0m | [31;1m      0[0m | [31;1m      0[0m | [31;1m1                [0m 
[31;1m  ...dRendering.ts[0m | [31;1m      0[0m | [32;1m     100[0m | [32;1m    100[0m | [31;1m      0[0m | [31;1m8-64             [0m 
[31;1m  ...taHandling.ts[0m | [31;1m      0[0m | [32;1m     100[0m | [32;1m    100[0m | [31;1m      0[0m | [31;1m7-21             [0m 
[31;1m  ...eldMapping.ts[0m | [31;1m      0[0m | [31;1m       0[0m | [31;1m      0[0m | [31;1m      0[0m | [31;1m1-133            [0m 
[31;1m  ...tFormState.ts[0m | [31;1m      0[0m | [31;1m       0[0m | [31;1m      0[0m | [31;1m      0[0m | [31;1m1-40             [0m 
[31;1m  ...tFormState.ts[0m | [31;1m      0[0m | [31;1m       0[0m | [31;1m      0[0m | [31;1m      0[0m | [31;1m1-32             [0m 
[31;1m  ...ratoryData.ts[0m | [31;1m      0[0m | [31;1m       0[0m | [31;1m      0[0m | [31;1m      0[0m | [31;1m1-24             [0m 
[31;1m  ...Navigation.ts[0m | [31;1m      0[0m | [31;1m       0[0m | [31;1m      0[0m | [31;1m      0[0m | [31;1m1-19             [0m 
[31;1m  ...TestsTable.ts[0m | [31;1m      0[0m | [31;1m       0[0m | [31;1m      0[0m | [31;1m      0[0m | [31;1m1-40             [0m 
[31;1m  ...atientData.ts[0m | [31;1m      0[0m | [31;1m       0[0m | [31;1m      0[0m | [31;1m      0[0m | [31;1m1-46             [0m 
[31;1m  ...tSelection.ts[0m | [31;1m      0[0m | [31;1m       0[0m | [31;1m      0[0m | [31;1m      0[0m | [31;1m1-37             [0m 
[31;1m  ...ionActions.ts[0m | [31;1m      0[0m | [31;1m       0[0m | [31;1m      0[0m | [31;1m      0[0m | [31;1m1-106            [0m 
[31;1m  ...iptionData.ts[0m | [31;1m      0[0m | [31;1m       0[0m | [31;1m      0[0m | [31;1m      0[0m | [31;1m1-30             [0m 
[31;1m  ...onFormData.ts[0m | [31;1m      0[0m | [31;1m       0[0m | [31;1m      0[0m | [31;1m      0[0m | [31;1m1-84             [0m 
[31;1m  ...nFormState.ts[0m | [31;1m      0[0m | [31;1m       0[0m | [31;1m      0[0m | [31;1m      0[0m | [31;1m1-96             [0m 
[31;1m  ...ModalState.ts[0m | [31;1m      0[0m | [31;1m       0[0m | [31;1m      0[0m | [31;1m      0[0m | [31;1m1-68             [0m 
[31;1m  ...tSelection.ts[0m | [31;1m      0[0m | [31;1m       0[0m | [31;1m      0[0m | [31;1m      0[0m | [31;1m1-36             [0m 
[31;1m ...ges/laboratory[0m | [31;1m      0[0m | [32;1m   93.75[0m | [32;1m  93.75[0m | [31;1m      0[0m | [31;1m                 [0m 
[31;1m  ...bTestPage.tsx[0m | [31;1m      0[0m | [32;1m     100[0m | [32;1m    100[0m | [31;1m      0[0m | [31;1m2-6              [0m 
[31;1m  ...Container.tsx[0m | [31;1m      0[0m | [32;1m     100[0m | [32;1m    100[0m | [31;1m      0[0m | [31;1m2-15             [0m 
[31;1m  ...Presenter.tsx[0m | [31;1m      0[0m | [32;1m     100[0m | [32;1m    100[0m | [31;1m      0[0m | [31;1m2-36             [0m 
[31;1m  ...esultPage.tsx[0m | [31;1m      0[0m | [32;1m     100[0m | [32;1m    100[0m | [31;1m      0[0m | [31;1m2-6              [0m 
[31;1m  ...Container.tsx[0m | [31;1m      0[0m | [32;1m     100[0m | [32;1m    100[0m | [31;1m      0[0m | [31;1m2-15             [0m 
[31;1m  ...Presenter.tsx[0m | [31;1m      0[0m | [32;1m     100[0m | [32;1m    100[0m | [31;1m      0[0m | [31;1m2-59             [0m 
[31;1m  ...esultPage.tsx[0m | [31;1m      0[0m | [32;1m     100[0m | [32;1m    100[0m | [31;1m      0[0m | [31;1m2-6              [0m 
[31;1m  ...Container.tsx[0m | [31;1m      0[0m | [32;1m     100[0m | [32;1m    100[0m | [31;1m      0[0m | [31;1m2-15             [0m 
[31;1m  ...Presenter.tsx[0m | [31;1m      0[0m | [32;1m     100[0m | [32;1m    100[0m | [31;1m      0[0m | [31;1m2-60             [0m 
[31;1m  ...atoryPage.tsx[0m | [31;1m      0[0m | [32;1m     100[0m | [32;1m    100[0m | [31;1m      0[0m | [31;1m2-6              [0m 
[31;1m  ...Container.tsx[0m | [31;1m      0[0m | [31;1m       0[0m | [31;1m      0[0m | [31;1m      0[0m | [31;1m1-32             [0m 
[31;1m  ...Presenter.tsx[0m | [31;1m      0[0m | [32;1m     100[0m | [32;1m    100[0m | [31;1m      0[0m | [31;1m2-58             [0m 
[31;1m  ...TestsPage.tsx[0m | [31;1m      0[0m | [32;1m     100[0m | [32;1m    100[0m | [31;1m      0[0m | [31;1m2-66             [0m 
[31;1m  ...esultPage.tsx[0m | [31;1m      0[0m | [32;1m     100[0m | [32;1m    100[0m | [31;1m      0[0m | [31;1m2-6              [0m 
[31;1m  ...Container.tsx[0m | [31;1m      0[0m | [32;1m     100[0m | [32;1m    100[0m | [31;1m      0[0m | [31;1m2-27             [0m 
[31;1m  ...Presenter.tsx[0m | [31;1m      0[0m | [32;1m     100[0m | [32;1m    100[0m | [31;1m      0[0m | [31;1m2-18             [0m 
[31;1m .../prescriptions[0m | [31;1m      0[0m | [32;1m     100[0m | [32;1m    100[0m | [31;1m      0[0m | [31;1m                 [0m 
[31;1m  ...tionsPage.tsx[0m | [31;1m      0[0m | [32;1m     100[0m | [32;1m    100[0m | [31;1m      0[0m | [31;1m2-6              [0m 
[31;1m  ...Container.tsx[0m | [31;1m      0[0m | [32;1m     100[0m | [32;1m    100[0m | [31;1m      0[0m | [31;1m2-63             [0m 
[31;1m  ...Presenter.tsx[0m | [31;1m      0[0m | [32;1m     100[0m | [32;1m    100[0m | [31;1m      0[0m | [31;1m2-127            [0m 
[31;1m ...-records/utils[0m | [31;1m      0[0m | [33;1m   63.63[0m | [33;1m  63.63[0m | [31;1m      0[0m | [31;1m                 [0m 
[31;1m  ...tFormUtils.ts[0m | [31;1m      0[0m | [31;1m       0[0m | [31;1m      0[0m | [31;1m      0[0m | [31;1m1-37             [0m 
[31;1m  ...tFormUtils.ts[0m | [31;1m      0[0m | [31;1m       0[0m | [31;1m      0[0m | [31;1m      0[0m | [31;1m1-65             [0m 
[31;1m  ...TestsUtils.ts[0m | [31;1m      0[0m | [32;1m     100[0m | [32;1m    100[0m | [31;1m      0[0m | [31;1m3-40             [0m 
[31;1m  ...atoryUtils.ts[0m | [31;1m      0[0m | [32;1m     100[0m | [32;1m    100[0m | [31;1m      0[0m | [31;1m3-65             [0m 
[31;1m  ...nFormUtils.ts[0m | [31;1m      0[0m | [32;1m     100[0m | [32;1m    100[0m | [31;1m      0[0m | [31;1m2-69             [0m 
[31;1m  ...ModalUtils.ts[0m | [31;1m      0[0m | [32;1m     100[0m | [32;1m    100[0m | [31;1m      0[0m | [31;1m4-39             [0m 
[31;1m  ...ptionUtils.ts[0m | [31;1m      0[0m | [32;1m     100[0m | [32;1m    100[0m | [31;1m      0[0m | [31;1m4-137            [0m 
[31;1m  ...portStyles.ts[0m | [31;1m      0[0m | [31;1m       0[0m | [31;1m      0[0m | [31;1m      0[0m | [31;1m1-172            [0m 
[31;1m  ...eportUtils.ts[0m | [31;1m      0[0m | [31;1m       0[0m | [31;1m      0[0m | [31;1m      0[0m | [31;1m1-47             [0m 
[31;1m  ...esultUtils.ts[0m | [31;1m      0[0m | [32;1m     100[0m | [32;1m    100[0m | [31;1m      0[0m | [31;1m8-57             [0m 
[31;1m  ...ptionUtils.ts[0m | [31;1m      0[0m | [32;1m     100[0m | [32;1m    100[0m | [31;1m      0[0m | [31;1m12-61            [0m 
[31;1m ...ds/view-models[0m | [31;1m  13.11[0m | [33;1m   66.66[0m | [31;1m  16.66[0m | [31;1m  13.11[0m | [31;1m                 [0m 
[31;1m  index.ts        [0m | [31;1m      0[0m | [31;1m       0[0m | [31;1m      0[0m | [31;1m      0[0m | [31;1m1-2              [0m 
[32;1m  ...mViewModel.ts[0m | [32;1m  90.32[0m | [32;1m   81.81[0m | [32;1m    100[0m | [32;1m  90.32[0m | [31;1m...54-159,178-179[0m 
[31;1m  ...tViewModel.ts[0m | [31;1m      0[0m | [31;1m       0[0m | [31;1m      0[0m | [31;1m      0[0m | [31;1m1-300            [0m 
[31;1m  ...tViewModel.ts[0m | [31;1m      0[0m | [31;1m       0[0m | [31;1m      0[0m | [31;1m      0[0m | [31;1m1-315            [0m 
[31;1m  ...sViewModel.ts[0m | [31;1m      0[0m | [31;1m       0[0m | [31;1m      0[0m | [31;1m      0[0m | [31;1m1-185            [0m 
[31;1m  ...tViewModel.ts[0m | [31;1m      0[0m | [31;1m       0[0m | [31;1m      0[0m | [31;1m      0[0m | [31;1m1-268            [0m 
[31;1m ...tures/patients[0m | [31;1m      0[0m | [33;1m      50[0m | [33;1m     50[0m | [31;1m      0[0m | [31;1m                 [0m 
[31;1m  index.ts        [0m | [31;1m      0[0m | [31;1m       0[0m | [31;1m      0[0m | [31;1m      0[0m | [31;1m1-6              [0m 
  types.ts         |       0 |        0 |       0 |       0 | [31;1m                 [0m 
[31;1m ...nts/components[0m | [31;1m  37.09[0m | [32;1m   88.88[0m | [31;1m  45.16[0m | [31;1m  37.09[0m | [31;1m                 [0m 
[33;1m  ...TabButton.tsx[0m | [33;1m  78.72[0m | [32;1m     100[0m | [31;1m  33.33[0m | [33;1m  78.72[0m | [31;1m43-47,49-53      [0m 
[31;1m  ErrorAlert.tsx  [0m | [31;1m      0[0m | [32;1m     100[0m | [32;1m    100[0m | [31;1m      0[0m | [31;1m2-23             [0m 
[31;1m  ...onSection.tsx[0m | [31;1m   5.16[0m | [32;1m     100[0m | [31;1m      0[0m | [31;1m   5.16[0m | [31;1m31-186           [0m 
[32;1m  InfoRow.tsx     [0m | [32;1m     80[0m | [33;1m      50[0m | [32;1m    100[0m | [32;1m     80[0m | [31;1m20-23            [0m 
[31;1m  LoadingState.tsx[0m | [31;1m      0[0m | [32;1m     100[0m | [32;1m    100[0m | [31;1m      0[0m | [31;1m2-14             [0m 
[32;1m  ...gSkeleton.tsx[0m | [32;1m  85.32[0m | [33;1m      50[0m | [31;1m     20[0m | [32;1m  85.32[0m | [31;1m109-125          [0m 
[33;1m  PatientForm.tsx [0m | [33;1m     50[0m | [32;1m     100[0m | [31;1m      0[0m | [33;1m     50[0m | [31;1m16-17            [0m 
[31;1m  ...rmActions.tsx[0m | [31;1m   12.5[0m | [32;1m     100[0m | [31;1m      0[0m | [31;1m   12.5[0m | [31;1m14-45            [0m 
[31;1m  ...Container.tsx[0m | [31;1m   8.33[0m | [32;1m     100[0m | [31;1m      0[0m | [31;1m   8.33[0m | [31;1m20-109           [0m 
[31;1m  ...Presenter.tsx[0m | [31;1m  10.76[0m | [32;1m     100[0m | [31;1m      0[0m | [31;1m  10.76[0m | [31;1m52-117           [0m 
[32;1m  ...tInfoCard.tsx[0m | [32;1m    100[0m | [32;1m     100[0m | [32;1m    100[0m | [32;1m    100[0m | [33;1m                 [0m 
[31;1m  ...onSection.tsx[0m | [31;1m   4.34[0m | [32;1m     100[0m | [31;1m      0[0m | [31;1m   4.34[0m | [31;1m34-244           [0m 
[31;1m  ...ageHeader.tsx[0m | [31;1m      0[0m | [32;1m     100[0m | [32;1m    100[0m | [31;1m      0[0m | [31;1m2-57             [0m 
[32;1m  ...entsTable.tsx[0m | [32;1m  97.54[0m | [32;1m     100[0m | [33;1m  63.63[0m | [32;1m  97.54[0m | [31;1m34-35,38-39      [0m 
[31;1m  ...ionsTable.tsx[0m | [31;1m   6.89[0m | [32;1m     100[0m | [31;1m      0[0m | [31;1m   6.89[0m | [31;1m13-42            [0m 
[32;1m  index.ts        [0m | [32;1m    100[0m | [32;1m     100[0m | [32;1m    100[0m | [32;1m    100[0m | [33;1m                 [0m 
[31;1m ...omponents/tabs[0m | [31;1m  47.61[0m | [33;1m      50[0m | [31;1m     25[0m | [31;1m  47.61[0m | [31;1m                 [0m 
[31;1m  ...tmentsTab.tsx[0m | [31;1m   8.69[0m | [32;1m     100[0m | [31;1m      0[0m | [31;1m   8.69[0m | [31;1m11-62            [0m 
[31;1m  ...toriesTab.tsx[0m | [31;1m   9.52[0m | [32;1m     100[0m | [31;1m      0[0m | [31;1m   9.52[0m | [31;1m5-27             [0m 
[32;1m  ...ntInfoTab.tsx[0m | [32;1m  97.56[0m | [33;1m      50[0m | [32;1m    100[0m | [32;1m  97.56[0m | [31;1m85-87            [0m 
[31;1m  ...ptionsTab.tsx[0m | [31;1m     10[0m | [32;1m     100[0m | [31;1m      0[0m | [31;1m     10[0m | [31;1m11-56            [0m 
[33;1m ...atients/config[0m | [33;1m  71.27[0m | [31;1m       0[0m | [31;1m      0[0m | [33;1m  71.27[0m | [31;1m                 [0m 
[32;1m  ...ormConfig.tsx[0m | [32;1m  90.54[0m | [32;1m     100[0m | [31;1m      0[0m | [32;1m  90.54[0m | [31;1m75-77,80-83      [0m 
[31;1m  ...agesConfig.ts[0m | [31;1m      0[0m | [31;1m       0[0m | [31;1m      0[0m | [31;1m      0[0m | [31;1m1-14             [0m 
[31;1m  ...PageConfig.ts[0m | [31;1m      0[0m | [31;1m       0[0m | [31;1m      0[0m | [31;1m      0[0m | [31;1m1-8              [0m 
[31;1m ...patients/hooks[0m | [31;1m  15.23[0m | [33;1m      75[0m | [31;1m  33.33[0m | [31;1m  15.23[0m | [31;1m                 [0m 
[32;1m  ...etailsData.ts[0m | [32;1m    100[0m | [32;1m     100[0m | [32;1m    100[0m | [32;1m    100[0m | [33;1m                 [0m 
[32;1m  ...Navigation.ts[0m | [32;1m  88.23[0m | [32;1m     100[0m | [33;1m  66.66[0m | [32;1m  88.23[0m | [31;1m13-14            [0m 
[31;1m  ...orHandling.ts[0m | [31;1m   9.67[0m | [32;1m     100[0m | [31;1m      0[0m | [31;1m   9.67[0m | [31;1m13-47            [0m 
[31;1m  ...rmHandlers.ts[0m | [31;1m   4.34[0m | [32;1m     100[0m | [31;1m      0[0m | [31;1m   4.34[0m | [31;1m16-125           [0m 
[31;1m  ...tFormState.ts[0m | [31;1m  10.81[0m | [32;1m     100[0m | [31;1m      0[0m | [31;1m  10.81[0m | [31;1m19-53            [0m 
[31;1m  ...Submission.ts[0m | [31;1m    3.5[0m | [32;1m     100[0m | [31;1m      0[0m | [31;1m    3.5[0m | [31;1m15-83            [0m 
[31;1m  ...Navigation.ts[0m | [31;1m      0[0m | [31;1m       0[0m | [31;1m      0[0m | [31;1m      0[0m | [31;1m1-14             [0m 
[33;1m ...tients/mappers[0m | [33;1m  64.83[0m | [31;1m    7.69[0m | [31;1m     25[0m | [33;1m  64.83[0m | [31;1m                 [0m 
[33;1m  PatientMapper.ts[0m | [33;1m  65.55[0m | [31;1m    8.33[0m | [31;1m  33.33[0m | [33;1m  65.55[0m | [31;1m9-37,43-44       [0m 
[31;1m  index.ts        [0m | [31;1m      0[0m | [31;1m       0[0m | [31;1m      0[0m | [31;1m      0[0m | [31;1m1                [0m 
[33;1m ...patients/pages[0m | [33;1m  52.79[0m | [32;1m   80.95[0m | [33;1m     75[0m | [33;1m  52.79[0m | [31;1m                 [0m 
[31;1m  ...tientPage.tsx[0m | [31;1m      0[0m | [32;1m     100[0m | [32;1m    100[0m | [31;1m      0[0m | [31;1m2-6              [0m 
[31;1m  ...Container.tsx[0m | [31;1m      0[0m | [32;1m     100[0m | [32;1m    100[0m | [31;1m      0[0m | [31;1m2-16             [0m 
[31;1m  ...Presenter.tsx[0m | [31;1m      0[0m | [32;1m     100[0m | [32;1m    100[0m | [31;1m      0[0m | [31;1m2-36             [0m 
[31;1m  ...tientPage.tsx[0m | [31;1m      0[0m | [32;1m     100[0m | [32;1m    100[0m | [31;1m      0[0m | [31;1m2-6              [0m 
[31;1m  ...Container.tsx[0m | [31;1m      0[0m | [32;1m     100[0m | [32;1m    100[0m | [31;1m      0[0m | [31;1m2-19             [0m 
[31;1m  ...Presenter.tsx[0m | [31;1m      0[0m | [32;1m     100[0m | [32;1m    100[0m | [31;1m      0[0m | [31;1m2-51             [0m 
[32;1m  ...tailsPage.tsx[0m | [32;1m    100[0m | [32;1m     100[0m | [32;1m    100[0m | [32;1m    100[0m | [33;1m                 [0m 
[32;1m  ...Container.tsx[0m | [32;1m    100[0m | [32;1m     100[0m | [32;1m    100[0m | [32;1m    100[0m | [33;1m                 [0m 
[32;1m  ...Presenter.tsx[0m | [32;1m    100[0m | [33;1m      60[0m | [31;1m     20[0m | [32;1m    100[0m | [33;1m107,165-167      [0m 
[31;1m  PatientsPage.tsx[0m | [31;1m      0[0m | [32;1m     100[0m | [32;1m    100[0m | [31;1m      0[0m | [31;1m2-6              [0m 
[31;1m  ...Container.tsx[0m | [31;1m      0[0m | [32;1m     100[0m | [32;1m    100[0m | [31;1m      0[0m | [31;1m2-22             [0m 
[31;1m  ...Presenter.tsx[0m | [31;1m      0[0m | [32;1m     100[0m | [32;1m    100[0m | [31;1m      0[0m | [31;1m2-33             [0m 
[31;1m ...patients/utils[0m | [31;1m  18.45[0m | [31;1m   28.57[0m | [31;1m  18.18[0m | [31;1m  18.45[0m | [31;1m                 [0m 
[31;1m  ...sification.ts[0m | [31;1m      9[0m | [32;1m     100[0m | [31;1m      0[0m | [31;1m      9[0m | [31;1m...91-170,177-182[0m 
[31;1m  ...tFormUtils.ts[0m | [31;1m  12.82[0m | [32;1m     100[0m | [31;1m      0[0m | [31;1m  12.82[0m | [31;1m...32,36-50,54-56[0m 
[32;1m  ...ormatUtils.ts[0m | [32;1m  88.88[0m | [31;1m   28.57[0m | [32;1m    100[0m | [32;1m  88.88[0m | [31;1m19-20            [0m 
[31;1m ...ts/view-models[0m | [31;1m  23.17[0m | [32;1m    91.3[0m | [31;1m  36.36[0m | [31;1m  23.17[0m | [31;1m                 [0m 
[32;1m  index.ts        [0m | [32;1m    100[0m | [32;1m     100[0m | [32;1m    100[0m | [32;1m    100[0m | [33;1m                 [0m 
[31;1m  ...mViewModel.ts[0m | [31;1m      0[0m | [31;1m       0[0m | [31;1m      0[0m | [31;1m      0[0m | [31;1m1-97             [0m 
[31;1m  ...mViewModel.ts[0m | [31;1m      0[0m | [31;1m       0[0m | [31;1m      0[0m | [31;1m      0[0m | [31;1m1-140            [0m 
[31;1m  ...pointments.ts[0m | [31;1m   6.38[0m | [32;1m     100[0m | [31;1m      0[0m | [31;1m   6.38[0m | [31;1m10-64            [0m 
[32;1m  ...sViewModel.ts[0m | [32;1m    100[0m | [32;1m     100[0m | [32;1m    100[0m | [32;1m    100[0m | [33;1m                 [0m 
[31;1m  ...scriptions.ts[0m | [31;1m   5.76[0m | [32;1m     100[0m | [31;1m      0[0m | [31;1m   5.76[0m | [31;1m10-79            [0m 
[31;1m  ...tViewModel.ts[0m | [31;1m  16.66[0m | [32;1m     100[0m | [31;1m      0[0m | [31;1m  16.66[0m | [31;1m10-27            [0m 
[31;1m .../prescriptions[0m | [31;1m      0[0m | [32;1m     100[0m | [32;1m    100[0m | [31;1m      0[0m | [31;1m                 [0m 
[31;1m  index.ts        [0m | [31;1m      0[0m | [32;1m     100[0m | [32;1m    100[0m | [31;1m      0[0m | [31;1m6-14             [0m 
[31;1m ...riptions/types[0m | [31;1m      0[0m | [32;1m     100[0m | [32;1m    100[0m | [31;1m      0[0m | [31;1m                 [0m 
[31;1m  FormTypes.ts    [0m | [31;1m      0[0m | [32;1m     100[0m | [32;1m    100[0m | [31;1m      0[0m | [31;1m2-186            [0m 
[31;1m ...riptions/utils[0m | [31;1m  11.76[0m | [32;1m     100[0m | [31;1m      0[0m | [31;1m  11.76[0m | [31;1m                 [0m 
[31;1m  ...ptionUtils.ts[0m | [31;1m  11.76[0m | [32;1m     100[0m | [31;1m      0[0m | [31;1m  11.76[0m | [31;1m...53,61-75,83-97[0m 
[31;1m ...ns/view-models[0m | [31;1m      0[0m | [31;1m       0[0m | [31;1m      0[0m | [31;1m      0[0m | [31;1m                 [0m 
[31;1m  ...mViewModel.ts[0m | [31;1m      0[0m | [31;1m       0[0m | [31;1m      0[0m | [31;1m      0[0m | [31;1m1-137            [0m 
[31;1m  ...mViewModel.ts[0m | [31;1m      0[0m | [31;1m       0[0m | [31;1m      0[0m | [31;1m      0[0m | [31;1m1-87             [0m 
[31;1m  ...tViewModel.ts[0m | [31;1m      0[0m | [31;1m       0[0m | [31;1m      0[0m | [31;1m      0[0m | [31;1m1-73             [0m 
 ...els/interfaces |       0 |        0 |       0 |       0 | [31;1m                 [0m 
  ...ViewModels.ts |       0 |        0 |       0 |       0 | [31;1m                 [0m 
 ...register/types |       0 |        0 |       0 |       0 | [31;1m                 [0m 
  index.ts         |       0 |        0 |       0 |       0 | [31;1m                 [0m 
 ...els/interfaces |       0 |        0 |       0 |       0 | [31;1m                 [0m 
  ...rViewModel.ts |       0 |        0 |       0 |       0 | [31;1m                 [0m 
[31;1m ...eatures/shared[0m | [31;1m      0[0m | [31;1m       0[0m | [31;1m      0[0m | [31;1m      0[0m | [31;1m                 [0m 
[31;1m  index.ts        [0m | [31;1m      0[0m | [31;1m       0[0m | [31;1m      0[0m | [31;1m      0[0m | [31;1m1-2              [0m 
[32;1m ...red/components[0m | [32;1m    100[0m | [32;1m     100[0m | [32;1m    100[0m | [32;1m    100[0m | [33;1m                 [0m 
[32;1m  ErrorBanner.tsx [0m | [32;1m    100[0m | [32;1m     100[0m | [32;1m    100[0m | [32;1m    100[0m | [33;1m                 [0m 
[32;1m ...ed/view-models[0m | [32;1m    100[0m | [32;1m     100[0m | [32;1m    100[0m | [32;1m    100[0m | [33;1m                 [0m 
[32;1m  ...rViewModel.ts[0m | [32;1m    100[0m | [32;1m     100[0m | [32;1m    100[0m | [32;1m    100[0m | [33;1m                 [0m 
[31;1m ...features/staff[0m | [31;1m      0[0m | [33;1m      50[0m | [33;1m     50[0m | [31;1m      0[0m | [31;1m                 [0m 
[31;1m  index.ts        [0m | [31;1m      0[0m | [31;1m       0[0m | [31;1m      0[0m | [31;1m      0[0m | [31;1m1-8              [0m 
  types.ts         |       0 |        0 |       0 |       0 | [31;1m                 [0m 
[31;1m ...aff/components[0m | [31;1m  31.06[0m | [32;1m   89.24[0m | [33;1m     70[0m | [31;1m  31.06[0m | [31;1m                 [0m 
[31;1m  ...swordForm.tsx[0m | [31;1m      0[0m | [32;1m     100[0m | [32;1m    100[0m | [31;1m      0[0m | [31;1m2-113            [0m 
[31;1m  ...countForm.tsx[0m | [31;1m      0[0m | [31;1m       0[0m | [31;1m      0[0m | [31;1m      0[0m | [31;1m1-416            [0m 
[31;1m  ...ileFields.tsx[0m | [31;1m      0[0m | [32;1m     100[0m | [32;1m    100[0m | [31;1m      0[0m | [31;1m2-76             [0m 
[31;1m  ...eCalendar.tsx[0m | [31;1m      0[0m | [31;1m       0[0m | [31;1m      0[0m | [31;1m      0[0m | [31;1m1-359            [0m 
[31;1m  DoctorsTable.tsx[0m | [31;1m      0[0m | [32;1m     100[0m | [32;1m    100[0m | [31;1m      0[0m | [31;1m2-81             [0m 
[31;1m  Step1Fields.tsx [0m | [31;1m      0[0m | [32;1m     100[0m | [32;1m    100[0m | [31;1m      0[0m | [31;1m2-153            [0m 
[31;1m  Step2Fields.tsx [0m | [31;1m      0[0m | [32;1m     100[0m | [32;1m    100[0m | [31;1m      0[0m | [31;1m2-112            [0m 
[32;1m  ...ep1Fields.tsx[0m | [32;1m  91.17[0m | [32;1m   83.33[0m | [33;1m  55.55[0m | [32;1m  91.17[0m | [31;1m...,87-89,100-102[0m 
[32;1m  ...ep2Fields.tsx[0m | [32;1m  93.47[0m | [32;1m      80[0m | [33;1m     60[0m | [32;1m  93.47[0m | [31;1m94-96,108-110    [0m 
[32;1m  ...tailsForm.tsx[0m | [32;1m  96.36[0m | [32;1m    94.2[0m | [32;1m    100[0m | [32;1m  96.36[0m | [31;1m...06-107,214-218[0m 
[31;1m  index.ts        [0m | [31;1m      0[0m | [31;1m       0[0m | [31;1m      0[0m | [31;1m      0[0m | [31;1m1-7              [0m 
[31;1m ...s/staff/config[0m | [31;1m      0[0m | [32;1m     100[0m | [32;1m    100[0m | [31;1m      0[0m | [31;1m                 [0m 
[31;1m  ...bleConfig.tsx[0m | [31;1m      0[0m | [32;1m     100[0m | [32;1m    100[0m | [31;1m      0[0m | [31;1m2-74             [0m 
[31;1m ...es/staff/hooks[0m | [31;1m      0[0m | [31;1m       0[0m | [31;1m      0[0m | [31;1m      0[0m | [31;1m                 [0m 
[31;1m  ...untActions.ts[0m | [31;1m      0[0m | [31;1m       0[0m | [31;1m      0[0m | [31;1m      0[0m | [31;1m1-84             [0m 
[31;1m  ...ModalState.ts[0m | [31;1m      0[0m | [31;1m       0[0m | [31;1m      0[0m | [31;1m      0[0m | [31;1m1-84             [0m 
[31;1m  ...lePatterns.ts[0m | [31;1m      0[0m | [31;1m       0[0m | [31;1m      0[0m | [31;1m      0[0m | [31;1m1-73             [0m 
[31;1m  ...torActions.ts[0m | [31;1m      0[0m | [31;1m       0[0m | [31;1m      0[0m | [31;1m      0[0m | [31;1m1-55             [0m 
[31;1m  ...heduleData.ts[0m | [31;1m      0[0m | [31;1m       0[0m | [31;1m      0[0m | [31;1m      0[0m | [31;1m1-24             [0m 
[31;1m ...es/staff/pages[0m | [31;1m      0[0m | [32;1m     100[0m | [32;1m    100[0m | [31;1m      0[0m | [31;1m                 [0m 
[31;1m  AccountsPage.tsx[0m | [31;1m      0[0m | [32;1m     100[0m | [32;1m    100[0m | [31;1m      0[0m | [31;1m2-6              [0m 
[31;1m  ...Container.tsx[0m | [31;1m      0[0m | [32;1m     100[0m | [32;1m    100[0m | [31;1m      0[0m | [31;1m2-80             [0m 
[31;1m  ...Presenter.tsx[0m | [31;1m      0[0m | [32;1m     100[0m | [32;1m    100[0m | [31;1m      0[0m | [31;1m2-168            [0m 
[31;1m  DoctorsPage.tsx [0m | [31;1m      0[0m | [32;1m     100[0m | [32;1m    100[0m | [31;1m      0[0m | [31;1m2-6              [0m 
[31;1m  ...Container.tsx[0m | [31;1m      0[0m | [32;1m     100[0m | [32;1m    100[0m | [31;1m      0[0m | [31;1m2-17             [0m 
[31;1m  ...Presenter.tsx[0m | [31;1m      0[0m | [32;1m     100[0m | [32;1m    100[0m | [31;1m      0[0m | [31;1m2-30             [0m 
[31;1m ...staff/services[0m | [31;1m      0[0m | [32;1m     100[0m | [32;1m    100[0m | [31;1m      0[0m | [31;1m                 [0m 
[31;1m  ...ityService.ts[0m | [31;1m      0[0m | [32;1m     100[0m | [32;1m    100[0m | [31;1m      0[0m | [31;1m15-231           [0m 
[31;1m ...es/staff/utils[0m | [31;1m      0[0m | [32;1m     100[0m | [32;1m    100[0m | [31;1m      0[0m | [31;1m                 [0m 
[31;1m  ...sformUtils.ts[0m | [31;1m      0[0m | [32;1m     100[0m | [32;1m    100[0m | [31;1m      0[0m | [31;1m4-24             [0m 
[31;1m  ...eduleUtils.ts[0m | [31;1m      0[0m | [32;1m     100[0m | [32;1m    100[0m | [31;1m      0[0m | [31;1m3-18             [0m 
[31;1m ...ff/view-models[0m | [31;1m  20.93[0m | [33;1m   77.27[0m | [31;1m  33.33[0m | [31;1m  20.93[0m | [31;1m                 [0m 
[31;1m  ...sViewModel.ts[0m | [31;1m      0[0m | [31;1m       0[0m | [31;1m      0[0m | [31;1m      0[0m | [31;1m1-167            [0m 
[31;1m  ...mViewModel.ts[0m | [31;1m      0[0m | [31;1m       0[0m | [31;1m      0[0m | [31;1m      0[0m | [31;1m1-71             [0m 
[31;1m  ...tViewModel.ts[0m | [31;1m      0[0m | [31;1m       0[0m | [31;1m      0[0m | [31;1m      0[0m | [31;1m1-82             [0m 
[31;1m  ...rViewModel.ts[0m | [31;1m      0[0m | [31;1m       0[0m | [31;1m      0[0m | [31;1m      0[0m | [31;1m1-305            [0m 
[33;1m  ...sViewModel.ts[0m | [33;1m  69.51[0m | [32;1m   94.44[0m | [32;1m    100[0m | [33;1m  69.51[0m | [31;1m...55-271,275-291[0m 
 ...els/interfaces |       0 |        0 |       0 |       0 | [31;1m                 [0m 
  ...ViewModels.ts |       0 |        0 |       0 |       0 | [31;1m                 [0m 
[31;1m .../features/todo[0m | [31;1m      0[0m | [32;1m     100[0m | [32;1m    100[0m | [31;1m      0[0m | [31;1m                 [0m 
[31;1m  index.ts        [0m | [31;1m      0[0m | [32;1m     100[0m | [32;1m    100[0m | [31;1m      0[0m | [31;1m2-15             [0m 
[32;1m ...odo/components[0m | [32;1m   97.2[0m | [32;1m   91.66[0m | [32;1m    100[0m | [32;1m   97.2[0m | [31;1m                 [0m 
[32;1m  TodoForm.tsx    [0m | [32;1m    100[0m | [32;1m     100[0m | [32;1m    100[0m | [32;1m    100[0m | [33;1m                 [0m 
[32;1m  TodoItem.tsx    [0m | [32;1m    100[0m | [32;1m     100[0m | [32;1m    100[0m | [32;1m    100[0m | [33;1m                 [0m 
[32;1m  TodoList.tsx    [0m | [32;1m    100[0m | [32;1m     100[0m | [32;1m    100[0m | [32;1m    100[0m | [33;1m                 [0m 
[32;1m  TodoStats.tsx   [0m | [32;1m  86.66[0m | [31;1m   33.33[0m | [32;1m    100[0m | [32;1m  86.66[0m | [31;1m25-27,30-32      [0m 
[32;1m ...res/todo/pages[0m | [32;1m    100[0m | [32;1m     100[0m | [32;1m    100[0m | [32;1m    100[0m | [33;1m                 [0m 
[32;1m  TodoPage.tsx    [0m | [32;1m    100[0m | [32;1m     100[0m | [32;1m    100[0m | [32;1m    100[0m | [33;1m                 [0m 
[31;1m ...res/todo/types[0m | [31;1m      0[0m | [32;1m     100[0m | [32;1m    100[0m | [31;1m      0[0m | [31;1m                 [0m 
[31;1m  FormTypes.ts    [0m | [31;1m      0[0m | [32;1m     100[0m | [32;1m    100[0m | [31;1m      0[0m | [31;1m29-34            [0m 
[32;1m ...do/view-models[0m | [32;1m    100[0m | [32;1m   96.05[0m | [32;1m    100[0m | [32;1m    100[0m | [33;1m                 [0m 
[32;1m  ...mViewModel.ts[0m | [32;1m    100[0m | [32;1m   88.88[0m | [32;1m    100[0m | [32;1m    100[0m | [33;1m30               [0m 
[32;1m  ...mViewModel.ts[0m | [32;1m    100[0m | [32;1m   95.65[0m | [32;1m    100[0m | [32;1m    100[0m | [33;1m53               [0m 
[32;1m  ...tViewModel.ts[0m | [32;1m    100[0m | [32;1m     100[0m | [32;1m    100[0m | [32;1m    100[0m | [33;1m                 [0m 
[32;1m  ...sViewModel.ts[0m | [32;1m    100[0m | [32;1m     100[0m | [32;1m    100[0m | [32;1m    100[0m | [33;1m                 [0m 
[32;1m  ...oViewModel.ts[0m | [32;1m    100[0m | [32;1m     100[0m | [32;1m    100[0m | [32;1m    100[0m | [33;1m                 [0m 
 ...els/interfaces |       0 |        0 |       0 |       0 | [31;1m                 [0m 
  ...ViewModels.ts |       0 |        0 |       0 |       0 | [31;1m                 [0m 
[31;1m ...s/transactions[0m | [31;1m      0[0m | [32;1m     100[0m | [32;1m    100[0m | [31;1m      0[0m | [31;1m                 [0m 
[31;1m  index.ts        [0m | [31;1m      0[0m | [32;1m     100[0m | [32;1m    100[0m | [31;1m      0[0m | [31;1m2-5              [0m 
[31;1m ...ons/components[0m | [31;1m  27.31[0m | [33;1m   73.33[0m | [31;1m  11.11[0m | [31;1m  27.31[0m | [31;1m                 [0m 
[33;1m  ...ceiptForm.tsx[0m | [33;1m     50[0m | [32;1m     100[0m | [31;1m      0[0m | [33;1m     50[0m | [31;1m24-25            [0m 
[31;1m  ...Container.tsx[0m | [31;1m  13.04[0m | [32;1m     100[0m | [31;1m      0[0m | [31;1m  13.04[0m | [31;1m16-70            [0m 
[31;1m  ...Presenter.tsx[0m | [31;1m   8.73[0m | [32;1m     100[0m | [31;1m      0[0m | [31;1m   8.73[0m | [31;1m49-166           [0m 
[33;1m  ...eiptModal.tsx[0m | [33;1m     50[0m | [32;1m     100[0m | [31;1m      0[0m | [33;1m     50[0m | [31;1m11-12            [0m 
[31;1m  ...Container.tsx[0m | [31;1m  11.11[0m | [32;1m     100[0m | [31;1m      0[0m | [31;1m  11.11[0m | [31;1m12-37            [0m 
[31;1m  ...Presenter.tsx[0m | [31;1m   12.5[0m | [32;1m     100[0m | [31;1m      0[0m | [31;1m   12.5[0m | [31;1m16-38            [0m 
[31;1m  ...tionAlert.tsx[0m | [31;1m  17.64[0m | [32;1m     100[0m | [31;1m      0[0m | [31;1m  17.64[0m | [31;1m13-28            [0m 
[33;1m  ...tionModal.tsx[0m | [33;1m     50[0m | [32;1m     100[0m | [31;1m      0[0m | [33;1m     50[0m | [31;1m14-15            [0m 
[31;1m  ...Container.tsx[0m | [31;1m     12[0m | [32;1m     100[0m | [31;1m      0[0m | [31;1m     12[0m | [31;1m15-39            [0m 
[31;1m  ...Presenter.tsx[0m | [31;1m  13.95[0m | [32;1m     100[0m | [31;1m      0[0m | [31;1m  13.95[0m | [31;1m23-67            [0m 
[31;1m  ...foSection.tsx[0m | [31;1m  13.04[0m | [32;1m     100[0m | [31;1m      0[0m | [31;1m  13.04[0m | [31;1m11-31            [0m 
[31;1m  ...ntSummary.tsx[0m | [31;1m     10[0m | [32;1m     100[0m | [31;1m      0[0m | [31;1m     10[0m | [31;1m14-50            [0m 
[32;1m  ...eiptModal.tsx[0m | [32;1m  93.82[0m | [33;1m   73.33[0m | [32;1m    100[0m | [32;1m  93.82[0m | [31;1m199-203,208-213  [0m 
[31;1m  ...eItemCard.tsx[0m | [31;1m   6.79[0m | [32;1m     100[0m | [31;1m      0[0m | [31;1m   6.79[0m | [31;1m21-129           [0m 
[31;1m  ...eTextCell.tsx[0m | [31;1m  11.76[0m | [32;1m     100[0m | [31;1m      0[0m | [31;1m  11.76[0m | [31;1m10-27            [0m 
[31;1m  ...ionHeader.tsx[0m | [31;1m  11.42[0m | [32;1m     100[0m | [31;1m      0[0m | [31;1m  11.42[0m | [31;1m12-43            [0m 
[31;1m  ...temsTable.tsx[0m | [31;1m   7.69[0m | [32;1m     100[0m | [31;1m      0[0m | [31;1m   7.69[0m | [31;1m12-63            [0m 
[31;1m  ...ionModals.tsx[0m | [31;1m   4.87[0m | [32;1m     100[0m | [31;1m      0[0m | [31;1m   4.87[0m | [31;1m35-77            [0m 
[31;1m  ...mmaryCard.tsx[0m | [31;1m   6.97[0m | [32;1m     100[0m | [31;1m      0[0m | [31;1m   6.97[0m | [31;1m11-51            [0m 
[33;1m  ...ionsTable.tsx[0m | [33;1m     50[0m | [32;1m     100[0m | [31;1m      0[0m | [33;1m     50[0m | [31;1m16-17            [0m 
[31;1m  ...Container.tsx[0m | [31;1m  10.81[0m | [32;1m     100[0m | [31;1m      0[0m | [31;1m  10.81[0m | [31;1m18-54            [0m 
[31;1m  ...Presenter.tsx[0m | [31;1m    9.3[0m | [32;1m     100[0m | [31;1m      0[0m | [31;1m    9.3[0m | [31;1m24-66            [0m 
[33;1m  ...tionModal.tsx[0m | [33;1m     50[0m | [32;1m     100[0m | [31;1m      0[0m | [33;1m     50[0m | [31;1m12-13            [0m 
[33;1m  ...Container.tsx[0m | [33;1m     50[0m | [32;1m     100[0m | [31;1m      0[0m | [33;1m     50[0m | [31;1m12-13            [0m 
[31;1m  ...Presenter.tsx[0m | [31;1m  22.22[0m | [32;1m     100[0m | [31;1m      0[0m | [31;1m  22.22[0m | [31;1m18-58            [0m 
[32;1m  index.ts        [0m | [32;1m    100[0m | [32;1m     100[0m | [32;1m    100[0m | [32;1m    100[0m | [33;1m                 [0m 
[31;1m ...ponents/fields[0m | [31;1m  14.11[0m | [32;1m     100[0m | [31;1m      0[0m | [31;1m  14.11[0m | [31;1m                 [0m 
[31;1m  DateField.tsx   [0m | [31;1m  12.12[0m | [32;1m     100[0m | [31;1m      0[0m | [31;1m  12.12[0m | [31;1m13-44            [0m 
[31;1m  ...tionField.tsx[0m | [31;1m   12.9[0m | [32;1m     100[0m | [31;1m      0[0m | [31;1m   12.9[0m | [31;1m16-45            [0m 
[31;1m  ...thodField.tsx[0m | [31;1m  19.04[0m | [32;1m     100[0m | [31;1m      0[0m | [31;1m  19.04[0m | [31;1m13-31            [0m 
[31;1m ...actions/config[0m | [31;1m  44.66[0m | [32;1m     100[0m | [31;1m  33.33[0m | [31;1m  44.66[0m | [31;1m                 [0m 
[32;1m  ...FormConfig.ts[0m | [32;1m    100[0m | [32;1m     100[0m | [32;1m    100[0m | [32;1m    100[0m | [33;1m                 [0m 
[32;1m  ...PageConfig.ts[0m | [32;1m    100[0m | [32;1m     100[0m | [32;1m    100[0m | [32;1m    100[0m | [33;1m                 [0m 
[31;1m  ...bleConfig.tsx[0m | [31;1m   9.52[0m | [32;1m     100[0m | [31;1m      0[0m | [31;1m   9.52[0m | [31;1m13-113,116-137   [0m 
[32;1m  ...dalConfig.tsx[0m | [32;1m    100[0m | [32;1m     100[0m | [32;1m    100[0m | [32;1m    100[0m | [33;1m                 [0m 
[31;1m ...sactions/hooks[0m | [31;1m   8.38[0m | [32;1m     100[0m | [31;1m      0[0m | [31;1m   8.38[0m | [31;1m                 [0m 
[31;1m  ...dalActions.ts[0m | [31;1m  13.33[0m | [32;1m     100[0m | [31;1m      0[0m | [31;1m  13.33[0m | [31;1m12-42            [0m 
[31;1m  ...urrentUser.ts[0m | [31;1m   9.52[0m | [32;1m     100[0m | [31;1m      0[0m | [31;1m   9.52[0m | [31;1m4-25             [0m 
[31;1m  ...dalActions.ts[0m | [31;1m   12.5[0m | [32;1m     100[0m | [31;1m      0[0m | [31;1m   12.5[0m | [31;1m9-24             [0m 
[31;1m  ...atientData.ts[0m | [31;1m   6.97[0m | [32;1m     100[0m | [31;1m      0[0m | [31;1m   6.97[0m | [31;1m11-58            [0m 
[31;1m  ...ormActions.ts[0m | [31;1m   5.88[0m | [32;1m     100[0m | [31;1m      0[0m | [31;1m   5.88[0m | [31;1m7-69             [0m 
[31;1m  ...tFormState.ts[0m | [31;1m  15.15[0m | [32;1m     100[0m | [31;1m      0[0m | [31;1m  15.15[0m | [31;1m7-37             [0m 
[31;1m  ...ageActions.ts[0m | [31;1m  11.53[0m | [32;1m     100[0m | [31;1m      0[0m | [31;1m  11.53[0m | [31;1m12-39            [0m 
[31;1m  ...PageModals.ts[0m | [31;1m   3.77[0m | [32;1m     100[0m | [31;1m      0[0m | [31;1m   3.77[0m | [31;1m5-67             [0m 
[31;1m  ...bleActions.ts[0m | [31;1m    5.4[0m | [32;1m     100[0m | [31;1m      0[0m | [31;1m    5.4[0m | [31;1m12-51            [0m 
[31;1m ...sactions/pages[0m | [31;1m  13.88[0m | [32;1m     100[0m | [31;1m      0[0m | [31;1m  13.88[0m | [31;1m                 [0m 
[33;1m  ...tionsPage.tsx[0m | [33;1m     50[0m | [32;1m     100[0m | [31;1m      0[0m | [33;1m     50[0m | [31;1m5-6              [0m 
[31;1m  ...Container.tsx[0m | [31;1m  15.38[0m | [32;1m     100[0m | [31;1m      0[0m | [31;1m  15.38[0m | [31;1m9-52             [0m 
[31;1m  ...Presenter.tsx[0m | [31;1m   9.37[0m | [32;1m     100[0m | [31;1m      0[0m | [31;1m   9.37[0m | [31;1m41-103           [0m 
[32;1m  index.ts        [0m | [32;1m    100[0m | [32;1m     100[0m | [32;1m    100[0m | [32;1m    100[0m | [33;1m                 [0m 
[32;1m ...sactions/types[0m | [32;1m    100[0m | [32;1m     100[0m | [32;1m    100[0m | [32;1m    100[0m | [33;1m                 [0m 
  ...ctionTypes.ts |       0 |        0 |       0 |       0 | [31;1m                 [0m 
[32;1m  index.ts        [0m | [32;1m    100[0m | [32;1m     100[0m | [32;1m    100[0m | [32;1m    100[0m | [33;1m                 [0m 
[32;1m ...sactions/utils[0m | [32;1m    100[0m | [32;1m     100[0m | [32;1m    100[0m | [32;1m    100[0m | [33;1m                 [0m 
[32;1m  ...lculations.ts[0m | [32;1m    100[0m | [32;1m     100[0m | [32;1m    100[0m | [32;1m    100[0m | [33;1m                 [0m 
[32;1m  ...ormatUtils.ts[0m | [32;1m    100[0m | [32;1m     100[0m | [32;1m    100[0m | [32;1m    100[0m | [33;1m                 [0m 
[31;1m ...ns/view-models[0m | [31;1m   9.67[0m | [32;1m     100[0m | [31;1m      0[0m | [31;1m   9.67[0m | [31;1m                 [0m 
[32;1m  index.ts        [0m | [32;1m    100[0m | [32;1m     100[0m | [32;1m    100[0m | [32;1m    100[0m | [33;1m                 [0m 
[31;1m  ...mViewModel.ts[0m | [31;1m    8.1[0m | [32;1m     100[0m | [31;1m      0[0m | [31;1m    8.1[0m | [31;1m23-61            [0m 
[31;1m  ...mViewModel.ts[0m | [31;1m   5.45[0m | [32;1m     100[0m | [31;1m      0[0m | [31;1m   5.45[0m | [31;1m10-70            [0m 
[31;1m  ...nViewModel.ts[0m | [31;1m  10.34[0m | [32;1m     100[0m | [31;1m      0[0m | [31;1m  10.34[0m | [31;1m10-38            [0m 
[32;1m ...entation/hooks[0m | [32;1m  90.96[0m | [32;1m   86.48[0m | [32;1m    100[0m | [32;1m  90.96[0m | [31;1m                 [0m 
[32;1m  index.ts        [0m | [32;1m    100[0m | [32;1m     100[0m | [32;1m    100[0m | [32;1m    100[0m | [33;1m                 [0m 
[32;1m  ...ssSelector.ts[0m | [32;1m  90.38[0m | [32;1m   85.29[0m | [32;1m    100[0m | [32;1m  90.38[0m | [31;1m...60,187-193,238[0m 
[32;1m  ...flowHidden.ts[0m | [32;1m    100[0m | [32;1m     100[0m | [32;1m    100[0m | [32;1m    100[0m | [33;1m                 [0m 
[32;1m ...tation/layouts[0m | [32;1m    100[0m | [32;1m     100[0m | [32;1m    100[0m | [32;1m    100[0m | [33;1m                 [0m 
[32;1m  MainLayout.tsx  [0m | [32;1m    100[0m | [32;1m     100[0m | [32;1m    100[0m | [32;1m    100[0m | [33;1m                 [0m 
[32;1m  index.ts        [0m | [32;1m    100[0m | [32;1m     100[0m | [32;1m    100[0m | [32;1m    100[0m | [33;1m                 [0m 
[32;1m web/src/test     [0m | [32;1m    100[0m | [32;1m     100[0m | [32;1m    100[0m | [32;1m    100[0m | [33;1m                 [0m 
[32;1m  test-helpers.ts [0m | [32;1m    100[0m | [32;1m     100[0m | [32;1m    100[0m | [32;1m    100[0m | [33;1m                 [0m 
[32;1m  test-utils.tsx  [0m | [32;1m    100[0m | [32;1m     100[0m | [32;1m    100[0m | [32;1m    100[0m | [33;1m                 [0m 
[33;1m ...src/test/mocks[0m | [33;1m  76.92[0m | [32;1m     100[0m | [32;1m    100[0m | [33;1m  76.92[0m | [31;1m                 [0m 
[33;1m  react-router.ts [0m | [33;1m  58.62[0m | [32;1m     100[0m | [32;1m    100[0m | [33;1m  58.62[0m | [31;1m22-33            [0m 
[32;1m  zustand.ts      [0m | [32;1m  91.66[0m | [32;1m     100[0m | [32;1m    100[0m | [32;1m  91.66[0m | [31;1m38,42-43         [0m 
-------------------|---------|----------|---------|---------|-------------------
::endgroup::


 NX   Successfully ran target test for project web

Nx read the output from the cache instead of running the command for 1 out of 1 tasks.

